Component: ARM Compiler 5.06 update 6 (build 750) Tool: armlink [4d35ed]

==============================================================================

Section Cross References

    startup_stm32f103xb.o(STACK) refers (Special) to heapauxi.o(.text) for __use_two_region_memory
    startup_stm32f103xb.o(HEAP) refers (Special) to heapauxi.o(.text) for __use_two_region_memory
    startup_stm32f103xb.o(RESET) refers (Special) to heapauxi.o(.text) for __use_two_region_memory
    startup_stm32f103xb.o(RESET) refers to startup_stm32f103xb.o(STACK) for __initial_sp
    startup_stm32f103xb.o(RESET) refers to startup_stm32f103xb.o(.text) for Reset_Handler
    startup_stm32f103xb.o(RESET) refers to stm32f1xx_it.o(i.NMI_Handler) for NMI_Handler
    startup_stm32f103xb.o(RESET) refers to stm32f1xx_it.o(i.HardFault_Handler) for HardFault_Handler
    startup_stm32f103xb.o(RESET) refers to stm32f1xx_it.o(i.MemManage_Handler) for MemManage_Handler
    startup_stm32f103xb.o(RESET) refers to stm32f1xx_it.o(i.BusFault_Handler) for BusFault_Handler
    startup_stm32f103xb.o(RESET) refers to stm32f1xx_it.o(i.UsageFault_Handler) for UsageFault_Handler
    startup_stm32f103xb.o(RESET) refers to stm32f1xx_it.o(i.SVC_Handler) for SVC_Handler
    startup_stm32f103xb.o(RESET) refers to stm32f1xx_it.o(i.DebugMon_Handler) for DebugMon_Handler
    startup_stm32f103xb.o(RESET) refers to stm32f1xx_it.o(i.PendSV_Handler) for PendSV_Handler
    startup_stm32f103xb.o(RESET) refers to stm32f1xx_it.o(i.SysTick_Handler) for SysTick_Handler
    startup_stm32f103xb.o(RESET) refers to stm32f1xx_it.o(i.DMA1_Channel1_IRQHandler) for DMA1_Channel1_IRQHandler
    startup_stm32f103xb.o(RESET) refers to stm32f1xx_it.o(i.USB_LP_CAN1_RX0_IRQHandler) for USB_LP_CAN1_RX0_IRQHandler
    startup_stm32f103xb.o(.text) refers (Special) to heapauxi.o(.text) for __use_two_region_memory
    startup_stm32f103xb.o(.text) refers to system_stm32f1xx.o(i.SystemInit) for SystemInit
    startup_stm32f103xb.o(.text) refers to __main.o(!!!main) for __main
    startup_stm32f103xb.o(.text) refers to startup_stm32f103xb.o(HEAP) for Heap_Mem
    startup_stm32f103xb.o(.text) refers to startup_stm32f103xb.o(STACK) for Stack_Mem
    main.o(i.HAL_ADC_ConvCpltCallback) refers to dflt_clz.o(x$fpl$dfltu) for __aeabi_ui2d
    main.o(i.HAL_ADC_ConvCpltCallback) refers to ddiv.o(x$fpl$ddiv) for __aeabi_ddiv
    main.o(i.HAL_ADC_ConvCpltCallback) refers to dmul.o(x$fpl$dmul) for __aeabi_dmul
    main.o(i.HAL_ADC_ConvCpltCallback) refers to d2f.o(x$fpl$d2f) for __aeabi_d2f
    main.o(i.HAL_ADC_ConvCpltCallback) refers to main.o(.bss) for .bss
    main.o(i.MX_ADC1_Init) refers to stm32f1xx_hal_adc.o(i.HAL_ADC_Init) for HAL_ADC_Init
    main.o(i.MX_ADC1_Init) refers to stm32f1xx_hal_adc.o(i.HAL_ADC_ConfigChannel) for HAL_ADC_ConfigChannel
    main.o(i.MX_ADC1_Init) refers to main.o(.bss) for .bss
    main.o(i.MX_GPIO_Init) refers to stm32f1xx_hal_gpio.o(i.HAL_GPIO_WritePin) for HAL_GPIO_WritePin
    main.o(i.MX_GPIO_Init) refers to stm32f1xx_hal_gpio.o(i.HAL_GPIO_Init) for HAL_GPIO_Init
    main.o(i.SystemClock_Config) refers to rt_memclr_w.o(.text) for __aeabi_memclr4
    main.o(i.SystemClock_Config) refers to stm32f1xx_hal_rcc.o(i.HAL_RCC_OscConfig) for HAL_RCC_OscConfig
    main.o(i.SystemClock_Config) refers to stm32f1xx_hal_rcc.o(i.HAL_RCC_ClockConfig) for HAL_RCC_ClockConfig
    main.o(i.SystemClock_Config) refers to stm32f1xx_hal_rcc_ex.o(i.HAL_RCCEx_PeriphCLKConfig) for HAL_RCCEx_PeriphCLKConfig
    main.o(i.func1) refers to stm32f1xx_hal.o(i.HAL_Delay) for HAL_Delay
    main.o(i.func1) refers to stm32f1xx_hal_gpio.o(i.HAL_GPIO_WritePin) for HAL_GPIO_WritePin
    main.o(i.func1) refers to main.o(.data) for .data
    main.o(i.func2) refers to stm32f1xx_hal.o(i.HAL_Delay) for HAL_Delay
    main.o(i.func2) refers to stm32f1xx_hal_gpio.o(i.HAL_GPIO_WritePin) for HAL_GPIO_WritePin
    main.o(i.func2) refers to main.o(.data) for .data
    main.o(i.main) refers to stm32f1xx_hal.o(i.HAL_Init) for HAL_Init
    main.o(i.main) refers to rt_memclr_w.o(.text) for __aeabi_memclr4
    main.o(i.main) refers to main.o(i.SystemClock_Config) for SystemClock_Config
    main.o(i.main) refers to main.o(i.MX_GPIO_Init) for MX_GPIO_Init
    main.o(i.main) refers to stm32f1xx_hal_cortex.o(i.HAL_NVIC_SetPriority) for HAL_NVIC_SetPriority
    main.o(i.main) refers to stm32f1xx_hal_cortex.o(i.HAL_NVIC_EnableIRQ) for HAL_NVIC_EnableIRQ
    main.o(i.main) refers to main.o(i.MX_ADC1_Init) for MX_ADC1_Init
    main.o(i.main) refers to usb_device.o(i.MX_USB_DEVICE_Init) for MX_USB_DEVICE_Init
    main.o(i.main) refers to stm32f1xx_hal_adc_ex.o(i.HAL_ADCEx_Calibration_Start) for HAL_ADCEx_Calibration_Start
    main.o(i.main) refers to stm32f1xx_hal_adc.o(i.HAL_ADC_Start_DMA) for HAL_ADC_Start_DMA
    main.o(i.main) refers to fflt_clz.o(x$fpl$ffltu) for __aeabi_ui2f
    main.o(i.main) refers to scalbnf.o(x$fpl$scalbnf) for __ARM_scalbnf
    main.o(i.main) refers to f2d.o(x$fpl$f2d) for __aeabi_f2d
[...]
    HAL_PCD_EP_DB_Receive                    0x08001069   Thumb Code   230  stm32f1xx_hal_pcd.o(i.HAL_PCD_EP_DB_Receive)
    i.HAL_PCD_EP_DB_Transmit                 0x0800114e   Section        0  stm32f1xx_hal_pcd.o(i.HAL_PCD_EP_DB_Transmit)
    HAL_PCD_EP_DB_Transmit                   0x0800114f   Thumb Code   824  stm32f1xx_hal_pcd.o(i.HAL_PCD_EP_DB_Transmit)
    i.HAL_PCD_EP_Open                        0x08001486   Section        0  stm32f1xx_hal_pcd.o(i.HAL_PCD_EP_Open)
    i.HAL_PCD_EP_Receive                     0x080014e0   Section        0  stm32f1xx_hal_pcd.o(i.HAL_PCD_EP_Receive)
    i.HAL_PCD_EP_SetStall                    0x0800150e   Section        0  stm32f1xx_hal_pcd.o(i.HAL_PCD_EP_SetStall)
    i.HAL_PCD_EP_Transmit                    0x08001580   Section        0  stm32f1xx_hal_pcd.o(i.HAL_PCD_EP_Transmit)
    i.HAL_PCD_IRQHandler                     0x080015b0   Section        0  stm32f1xx_hal_pcd.o(i.HAL_PCD_IRQHandler)
    i.HAL_PCD_Init                           0x080016e4   Section        0  stm32f1xx_hal_pcd.o(i.HAL_PCD_Init)
    i.HAL_PCD_MspInit                        0x080017c0   Section        0  usbd_conf.o(i.HAL_PCD_MspInit)
    i.HAL_PCD_ResetCallback                  0x080017fc   Section        0  usbd_conf.o(i.HAL_PCD_ResetCallback)
    i.HAL_PCD_ResumeCallback                 0x08001822   Section        0  usbd_conf.o(i.HAL_PCD_ResumeCallback)
    i.HAL_PCD_SOFCallback                    0x0800182a   Section        0  usbd_conf.o(i.HAL_PCD_SOFCallback)
    i.HAL_PCD_SetAddress                     0x08001832   Section        0  stm32f1xx_hal_pcd.o(i.HAL_PCD_SetAddress)
    i.HAL_PCD_SetupStageCallback             0x0800185a   Section        0  usbd_conf.o(i.HAL_PCD_SetupStageCallback)
    i.HAL_PCD_Start                          0x08001868   Section        0  stm32f1xx_hal_pcd.o(i.HAL_PCD_Start)
    i.HAL_PCD_SuspendCallback                0x0800189c   Section        0  usbd_conf.o(i.HAL_PCD_SuspendCallback)
    i.HAL_RCCEx_GetPeriphCLKFreq             0x080018c0   Section        0  stm32f1xx_hal_rcc_ex.o(i.HAL_RCCEx_GetPeriphCLKFreq)
    i.HAL_RCCEx_PeriphCLKConfig              0x08001964   Section        0  stm32f1xx_hal_rcc_ex.o(i.HAL_RCCEx_PeriphCLKConfig)
    i.HAL_RCC_ClockConfig                    0x08001a50   Section        0  stm32f1xx_hal_rcc.o(i.HAL_RCC_ClockConfig)
    i.HAL_RCC_GetPCLK2Freq                   0x08001b7c   Section        0  stm32f1xx_hal_rcc.o(i.HAL_RCC_GetPCLK2Freq)
    i.HAL_RCC_GetSysClockFreq                0x08001b9c   Section        0  stm32f1xx_hal_rcc.o(i.HAL_RCC_GetSysClockFreq)
    i.HAL_RCC_OscConfig                      0x08001be8   Section        0  stm32f1xx_hal_rcc.o(i.HAL_RCC_OscConfig)
    i.HAL_SYSTICK_Config                     0x08001f08   Section        0  stm32f1xx_hal_cortex.o(i.HAL_SYSTICK_Config)
    i.HardFault_Handler                      0x08001f30   Section        0  stm32f1xx_it.o(i.HardFault_Handler)
    i.IntToUnicode                           0x08001f34   Section        0  usbd_desc.o(i.IntToUnicode)
    IntToUnicode                             0x08001f35   Thumb Code    56  usbd_desc.o(i.IntToUnicode)
    i.MX_ADC1_Init                           0x08001f6c   Section        0  main.o(i.MX_ADC1_Init)
    MX_ADC1_Init                             0x08001f6d   Thumb Code   192  main.o(i.MX_ADC1_Init)
    i.MX_GPIO_Init                           0x08002034   Section        0  main.o(i.MX_GPIO_Init)
    MX_GPIO_Init                             0x08002035   Thumb Code   192  main.o(i.MX_GPIO_Init)
    i.MX_USB_DEVICE_Init                     0x08002104   Section        0  usb_device.o(i.MX_USB_DEVICE_Init)
    i.MemManage_Handler                      0x08002158   Section        0  stm32f1xx_it.o(i.MemManage_Handler)
    i.NMI_Handler                            0x0800215a   Section        0  stm32f1xx_it.o(i.NMI_Handler)
    i.PCD_EP_ISR_Handler                     0x0800215c   Section        0  stm32f1xx_hal_pcd.o(i.PCD_EP_ISR_Handler)
    PCD_EP_ISR_Handler                       0x0800215d   Thumb Code   940  stm32f1xx_hal_pcd.o(i.PCD_EP_ISR_Handler)
    i.PendSV_Handler                         0x08002508   Section        0  stm32f1xx_it.o(i.PendSV_Handler)
    i.SVC_Handler                            0x0800250a   Section        0  stm32f1xx_it.o(i.SVC_Handler)
    i.SysTick_Handler                        0x0800250c   Section        0  stm32f1xx_it.o(i.SysTick_Handler)
    i.SystemClock_Config                     0x08002510   Section        0  main.o(i.SystemClock_Config)
    i.SystemInit                             0x0800258c   Section        0  system_stm32f1xx.o(i.SystemInit)
    i.USBD_CUSTOM_HID_DataIn                 0x0800258e   Section        0  usbd_customhid.o(i.USBD_CUSTOM_HID_DataIn)
    USBD_CUSTOM_HID_DataIn                   0x0800258f   Thumb Code    14  usbd_customhid.o(i.USBD_CUSTOM_HID_DataIn)
    i.USBD_CUSTOM_HID_DataOut                0x0800259c   Section        0  usbd_customhid.o(i.USBD_CUSTOM_HID_DataOut)
    USBD_CUSTOM_HID_DataOut                  0x0800259d   Thumb Code    36  usbd_customhid.o(i.USBD_CUSTOM_HID_DataOut)
    i.USBD_CUSTOM_HID_DeInit                 0x080025c0   Section        0  usbd_customhid.o(i.USBD_CUSTOM_HID_DeInit)
    USBD_CUSTOM_HID_DeInit                   0x080025c1   Thumb Code    56  usbd_customhid.o(i.USBD_CUSTOM_HID_DeInit)
    i.USBD_CUSTOM_HID_EP0_RxReady            0x080025f8   Section        0  usbd_customhid.o(i.USBD_CUSTOM_HID_EP0_RxReady)
    USBD_CUSTOM_HID_EP0_RxReady              0x080025f9   Thumb Code    34  usbd_customhid.o(i.USBD_CUSTOM_HID_EP0_RxReady)
    i.USBD_CUSTOM_HID_GetDeviceQualifierDesc 0x0800261c   Section        0  usbd_customhid.o(i.USBD_CUSTOM_HID_GetDeviceQualifierDesc)
    USBD_CUSTOM_HID_GetDeviceQualifierDesc   0x0800261d   Thumb Code     8  usbd_customhid.o(i.USBD_CUSTOM_HID_GetDeviceQualifierDesc)
    i.USBD_CUSTOM_HID_GetFSCfgDesc           0x08002628   Section        0  usbd_customhid.o(i.USBD_CUSTOM_HID_GetFSCfgDesc)
    USBD_CUSTOM_HID_GetFSCfgDesc             0x08002629   Thumb Code     8  usbd_customhid.o(i.USBD_CUSTOM_HID_GetFSCfgDesc)
    i.USBD_CUSTOM_HID_GetHSCfgDesc           0x08002634   Section        0  usbd_customhid.o(i.USBD_CUSTOM_HID_GetHSCfgDesc)
    USBD_CUSTOM_HID_GetHSCfgDesc             0x08002635   Thumb Code     8  usbd_customhid.o(i.USBD_CUSTOM_HID_GetHSCfgDesc)
    i.USBD_CUSTOM_HID_GetOtherSpeedCfgDesc   0x08002640   Section        0  usbd_customhid.o(i.USBD_CUSTOM_HID_GetOtherSpeedCfgDesc)
    USBD_CUSTOM_HID_GetOtherSpeedCfgDesc     0x08002641   Thumb Code     8  usbd_customhid.o(i.USBD_CUSTOM_HID_GetOtherSpeedCfgDesc)
    i.USBD_CUSTOM_HID_Init                   0x0800264c   Section        0  usbd_customhid.o(i.USBD_CUSTOM_HID_Init)
    USBD_CUSTOM_HID_Init                     0x0800264d   Thumb Code    84  usbd_customhid.o(i.USBD_CUSTOM_HID_Init)
    i.USBD_CUSTOM_HID_RegisterInterface      0x080026a0   Section        0  usbd_customhid.o(i.USBD_CUSTOM_HID_RegisterInterface)
    i.USBD_CUSTOM_HID_SendReport             0x080026b0   Section        0  usbd_customhid.o(i.USBD_CUSTOM_HID_SendReport)
    i.USBD_CUSTOM_HID_Setup                  0x080026dc   Section        0  usbd_customhid.o(i.USBD_CUSTOM_HID_Setup)
    USBD_CUSTOM_HID_Setup                    0x080026dd   Thumb Code   218  usbd_customhid.o(i.USBD_CUSTOM_HID_Setup)
    i.USBD_ClrClassConfig                    0x080027bc   Section        0  usbd_core.o(i.USBD_ClrClassConfig)
    i.USBD_CtlContinueRx                     0x080027ca   Section        0  usbd_ioreq.o(i.USBD_CtlContinueRx)
    i.USBD_CtlContinueSendData               0x080027da   Section        0  usbd_ioreq.o(i.USBD_CtlContinueSendData)
    i.USBD_CtlError                          0x080027ea   Section        0  usbd_ctlreq.o(i.USBD_CtlError)
    i.USBD_CtlPrepareRx                      0x08002800   Section        0  usbd_ioreq.o(i.USBD_CtlPrepareRx)
    i.USBD_CtlReceiveStatus                  0x0800281e   Section        0  usbd_ioreq.o(i.USBD_CtlReceiveStatus)
    i.USBD_CtlSendData                       0x08002834   Section        0  usbd_ioreq.o(i.USBD_CtlSendData)
    i.USBD_CtlSendStatus                     0x0800284e   Section        0  usbd_ioreq.o(i.USBD_CtlSendStatus)
    i.USBD_FS_ConfigStrDescriptor            0x08002864   Section        0  usbd_desc.o(i.USBD_FS_ConfigStrDescriptor)
    i.USBD_FS_DeviceDescriptor               0x0800288c   Section        0  usbd_desc.o(i.USBD_FS_DeviceDescriptor)
    i.USBD_FS_InterfaceStrDescriptor         0x08002898   Section        0  usbd_desc.o(i.USBD_FS_InterfaceStrDescriptor)
    i.USBD_FS_LangIDStrDescriptor            0x080028c4   Section        0  usbd_desc.o(i.USBD_FS_LangIDStrDescriptor)
    i.USBD_FS_ManufacturerStrDescriptor      0x080028d0   Section        0  usbd_desc.o(i.USBD_FS_ManufacturerStrDescriptor)
    i.USBD_FS_ProductStrDescriptor           0x080028f8   Section        0  usbd_desc.o(i.USBD_FS_ProductStrDescriptor)
    i.USBD_FS_SerialStrDescriptor            0x0800292c   Section        0  usbd_desc.o(i.USBD_FS_SerialStrDescriptor)
    i.USBD_GetDescriptor                     0x08002954   Section        0  usbd_ctlreq.o(i.USBD_GetDescriptor)
    USBD_GetDescriptor                       0x08002955   Thumb Code   232  usbd_ctlreq.o(i.USBD_GetDescriptor)
    i.USBD_GetString                         0x08002a3c   Section        0  usbd_ctlreq.o(i.USBD_GetString)
    i.USBD_Get_USB_Status                    0x08002a84   Section        0  usbd_conf.o(i.USBD_Get_USB_Status)
    USBD_Get_USB_Status                      0x08002a85   Thumb Code    24  usbd_conf.o(i.USBD_Get_USB_Status)
    i.USBD_Init                              0x08002a9c   Section        0  usbd_core.o(i.USBD_Init)
    i.USBD_LL_ClearStallEP                   0x08002ac6   Section        0  usbd_conf.o(i.USBD_LL_ClearStallEP)
    i.USBD_LL_CloseEP                        0x08002ad8   Section        0  usbd_conf.o(i.USBD_LL_CloseEP)
    i.USBD_LL_DataInStage                    0x08002aea   Section        0  usbd_core.o(i.USBD_LL_DataInStage)
    i.USBD_LL_DataOutStage                   0x08002bb0   Section        0  usbd_core.o(i.USBD_LL_DataOutStage)
    i.USBD_LL_Init                           0x08002c34   Section        0  usbd_conf.o(i.USBD_LL_Init)
    i.USBD_LL_IsStallEP                      0x08002ca4   Section        0  usbd_conf.o(i.USBD_LL_IsStallEP)
    i.USBD_LL_OpenEP                         0x08002cc4   Section        0  usbd_conf.o(i.USBD_LL_OpenEP)
    i.USBD_LL_PrepareReceive                 0x08002cdc   Section        0  usbd_conf.o(i.USBD_LL_PrepareReceive)
    i.USBD_LL_Reset                          0x08002cee   Section        0  usbd_core.o(i.USBD_LL_Reset)
    i.USBD_LL_Resume                         0x08002d3e   Section        0  usbd_core.o(i.USBD_LL_Resume)
    i.USBD_LL_SOF                            0x08002d52   Section        0  usbd_core.o(i.USBD_LL_SOF)
    i.USBD_LL_SetSpeed                       0x08002d6a   Section        0  usbd_core.o(i.USBD_LL_SetSpeed)
    i.USBD_LL_SetUSBAddress                  0x08002d70   Section        0  usbd_conf.o(i.USBD_LL_SetUSBAddress)
    i.USBD_LL_SetupStage                     0x08002d82   Section        0  usbd_core.o(i.USBD_LL_SetupStage)
    i.USBD_LL_StallEP                        0x08002ddc   Section        0  usbd_conf.o(i.USBD_LL_StallEP)
    i.USBD_LL_Start                          0x08002dee   Section        0  usbd_conf.o(i.USBD_LL_Start)
    i.USBD_LL_Suspend                        0x08002e00   Section        0  usbd_core.o(i.USBD_LL_Suspend)
    i.USBD_LL_Transmit                       0x08002e12   Section        0  usbd_conf.o(i.USBD_LL_Transmit)
    i.USBD_ParseSetupRequest                 0x08002e24   Section        0  usbd_ctlreq.o(i.USBD_ParseSetupRequest)
    i.USBD_RegisterClass                     0x08002e4c   Section        0  usbd_core.o(i.USBD_RegisterClass)
    i.USBD_SetClassConfig                    0x08002e5c   Section        0  usbd_core.o(i.USBD_SetClassConfig)
    i.USBD_SetConfig                         0x08002e74   Section        0  usbd_ctlreq.o(i.USBD_SetConfig)
    USBD_SetConfig                           0x08002e75   Thumb Code   128  usbd_ctlreq.o(i.USBD_SetConfig)
    i.USBD_Start                             0x08002ef8   Section        0  usbd_core.o(i.USBD_Start)
    i.USBD_StdDevReq                         0x08002f02   Section        0  usbd_ctlreq.o(i.USBD_StdDevReq)
    i.USBD_StdEPReq                          0x08003014   Section        0  usbd_ctlreq.o(i.USBD_StdEPReq)
    i.USBD_StdItfReq                         0x08003164   Section        0  usbd_ctlreq.o(i.USBD_StdItfReq)
    i.USBD_static_free                       0x080031b2   Section        0  usbd_conf.o(i.USBD_static_free)
    i.USBD_static_malloc                     0x080031b4   Section        0  usbd_conf.o(i.USBD_static_malloc)
    i.USB_ActivateEndpoint                   0x080031bc   Section        0  stm32f1xx_ll_usb.o(i.USB_ActivateEndpoint)
    i.USB_CoreInit                           0x08003458   Section        0  stm32f1xx_ll_usb.o(i.USB_CoreInit)
    i.USB_DeactivateEndpoint                 0x0800345c   Section        0  stm32f1xx_ll_usb.o(i.USB_DeactivateEndpoint)
    i.USB_DevConnect                         0x0800356a   Section        0  stm32f1xx_ll_usb.o(i.USB_DevConnect)
    i.USB_DevDisconnect                      0x0800356e   Section        0  stm32f1xx_ll_usb.o(i.USB_DevDisconnect)
    i.USB_DevInit                            0x08003572   Section        0  stm32f1xx_ll_usb.o(i.USB_DevInit)
    i.USB_DisableGlobalInt                   0x08003584   Section        0  stm32f1xx_ll_usb.o(i.USB_DisableGlobalInt)
    i.USB_EP0_OutStart                       0x08003592   Section        0  stm32f1xx_ll_usb.o(i.USB_EP0_OutStart)
    i.USB_EPClearStall                       0x08003596   Section        0  stm32f1xx_ll_usb.o(i.USB_EPClearStall)
    i.USB_EPSetStall                         0x0800360e   Section        0  stm32f1xx_ll_usb.o(i.USB_EPSetStall)
    i.USB_EPStartXfer                        0x08003640   Section        0  stm32f1xx_ll_usb.o(i.USB_EPStartXfer)
    i.USB_EnableGlobalInt                    0x08003b22   Section        0  stm32f1xx_ll_usb.o(i.USB_EnableGlobalInt)
    i.USB_LP_CAN1_RX0_IRQHandler             0x08003b34   Section        0  stm32f1xx_it.o(i.USB_LP_CAN1_RX0_IRQHandler)
    i.USB_ReadInterrupts                     0x08003b40   Section        0  stm32f1xx_ll_usb.o(i.USB_ReadInterrupts)
    i.USB_ReadPMA                            0x08003b48   Section        0  stm32f1xx_ll_usb.o(i.USB_ReadPMA)
    i.USB_SetCurrentMode                     0x08003b74   Section        0  stm32f1xx_ll_usb.o(i.USB_SetCurrentMode)
    i.USB_SetDevAddress                      0x08003b78   Section        0  stm32f1xx_ll_usb.o(i.USB_SetDevAddress)
    i.USB_WritePMA                           0x08003b84   Section        0  stm32f1xx_ll_usb.o(i.USB_WritePMA)
    i.UsageFault_Handler                     0x08003baa   Section        0  stm32f1xx_it.o(i.UsageFault_Handler)
    i.__NVIC_SetPriority                     0x08003bac   Section        0  stm32f1xx_hal_cortex.o(i.__NVIC_SetPriority)
    __NVIC_SetPriority                       0x08003bad   Thumb Code    32  stm32f1xx_hal_cortex.o(i.__NVIC_SetPriority)
    i.func2                                  0x08003bcc   Section        0  main.o(i.func2)
    i.main                                   0x08003c4c   Section        0  main.o(i.main)
    i.show4                                  0x08003d48   Section        0  main.o(i.show4)
    x$fpl$d2f                                0x08004004   Section       98  d2f.o(x$fpl$d2f)
    x$fpl$dcmpinf                            0x08004066   Section       24  dcmpi.o(x$fpl$dcmpinf)
    x$fpl$ddiv                               0x08004080   Section      688  ddiv.o(x$fpl$ddiv)
    ddiv_entry                               0x08004087   Thumb Code     0  ddiv.o(x$fpl$ddiv)
    x$fpl$dfix                               0x08004330   Section       94  dfix.o(x$fpl$dfix)
    x$fpl$dfltu                              0x0800438e   Section       38  dflt_clz.o(x$fpl$dfltu)
    x$fpl$dleqf                              0x080043b4   Section      120  dleqf.o(x$fpl$dleqf)
    x$fpl$dmul                               0x0800442c   Section      340  dmul.o(x$fpl$dmul)
    x$fpl$dnaninf                            0x08004580   Section      156  dnaninf.o(x$fpl$dnaninf)
    x$fpl$dretinf                            0x0800461c   Section       12  dretinf.o(x$fpl$dretinf)
    x$fpl$drleqf                             0x08004628   Section      108  drleqf.o(x$fpl$drleqf)
    x$fpl$f2d                                0x08004694   Section       86  f2d.o(x$fpl$f2d)
    x$fpl$fcheck1                            0x080046ec   Section       12  fcheck1.o(x$fpl$fcheck1)
    x$fpl$ffltu                              0x080046f8   Section       38  fflt_clz.o(x$fpl$ffltu)
    x$fpl$fnaninf                            0x0800471e   Section      140  fnaninf.o(x$fpl$fnaninf)
    x$fpl$fretinf                            0x080047aa   Section       10  fretinf.o(x$fpl$fretinf)
    x$fpl$retnan                             0x080047b4   Section      100  retnan.o(x$fpl$retnan)
    x$fpl$scalbnf                            0x08004818   Section       76  scalbnf.o(x$fpl$scalbnf)
    x$fpl$trapveneer                         0x08004864   Section       48  trapv.o(x$fpl$trapveneer)
    .constdata                               0x08004894   Section       18  stm32f1xx_hal_rcc.o(.constdata)
    x$fpl$usenofp                            0x08004894   Section        0  usenofp.o(x$fpl$usenofp)
    aPredivFactorTable                       0x08004894   Data           2  stm32f1xx_hal_rcc.o(.constdata)
    aPLLMULFactorTable                       0x08004896   Data          16  stm32f1xx_hal_rcc.o(.constdata)
    .constdata                               0x080048a6   Section       18  stm32f1xx_hal_rcc_ex.o(.constdata)
    aPredivFactorTable                       0x080048a6   Data           2  stm32f1xx_hal_rcc_ex.o(.constdata)
    aPLLMULFactorTable                       0x080048a8   Data          16  stm32f1xx_hal_rcc_ex.o(.constdata)
    .constdata                               0x080048b8   Section       16  system_stm32f1xx.o(.constdata)
    .constdata                               0x080048c8   Section        8  system_stm32f1xx.o(.constdata)
    .data                                    0x20000000   Section       52  main.o(.data)
    .data                                    0x20000034   Section        1  main.o(.data)
    .data                                    0x20000038   Section       28  usbd_desc.o(.data)
    .data                                    0x20000054   Section       50  usbd_desc.o(.data)
    .data                                    0x20000088   Section       30  usbd_custom_hid_if.o(.data)
    CUSTOM_HID_ReportDesc_FS                 0x20000088   Data          30  usbd_custom_hid_if.o(.data)
    .data                                    0x200000a8   Section       16  usbd_custom_hid_if.o(.data)
    .data                                    0x200000b8   Section       12  stm32f1xx_hal.o(.data)
    .data                                    0x200000c4   Section        4  system_stm32f1xx.o(.data)
    .data                                    0x200000c8   Section        1  usbd_ctlreq.o(.data)
    cfgidx                                   0x200000c8   Data           1  usbd_ctlreq.o(.data)
    .data                                    0x200000cc   Section       56  usbd_customhid.o(.data)
    .data                                    0x20000104   Section      154  usbd_customhid.o(.data)
    USBD_CUSTOM_HID_CfgFSDesc                0x20000104   Data          41  usbd_customhid.o(.data)
    USBD_CUSTOM_HID_CfgHSDesc                0x20000130   Data          41  usbd_customhid.o(.data)
    USBD_CUSTOM_HID_OtherSpeedCfgDesc        0x2000015c   Data          41  usbd_customhid.o(.data)
    USBD_CUSTOM_HID_Desc                     0x20000188   Data           9  usbd_customhid.o(.data)
    USBD_CUSTOM_HID_DeviceQualifierDesc      0x20000194   Data          10  usbd_customhid.o(.data)
    .bss                                     0x200001a0   Section      164  main.o(.bss)
    .bss                                     0x20000244   Section       68  main.o(.bss)
    .bss                                     0x20000288   Section      708  usb_device.o(.bss)
    .bss                                     0x2000054c   Section      512  usbd_desc.o(.bss)
    .bss                                     0x2000074c   Section      840  usbd_conf.o(.bss)
    mem                                      0x2000074c   Data          88  usbd_conf.o(.bss)
    .bss                                     0x20000a94   Section       96  libspace.o(.bss)
    HEAP                                     0x20000af8   Section      512  startup_stm32f103xb.o(HEAP)
    Heap_Mem                                 0x20000af8   Data         512  startup_stm32f103xb.o(HEAP)
    STACK                                    0x20000cf8   Section     1024  startup_stm32f103xb.o(STACK)
    Stack_Mem                                0x20000cf8   Data        1024  startup_stm32f103xb.o(STACK)
    __initial_sp                             0x200010f8   Data           0  startup_stm32f103xb.o(STACK)

    Global Symbols

    Symbol Name                              Value     Ov Type        Size  Object(Section)

    BuildAttributes$$THM_ISAv4$P$D$K$B$S$PE$A:L22UL41UL21$X:L11$S22US41US21$IEEE1$IW$USESV6$~STKCKD$USESV7$~SHL$OSPACE$ROPI$EBA8$UX$STANDARDLIB$REQ8$PRES8$EABIv2 0x00000000   Number         0  anon$$obj.o ABSOLUTE
    __ARM_use_no_argv                        0x00000000   Number         0  main.o ABSOLUTE
    __ARM_exceptions_init                     - Undefined Weak Reference
    __alloca_initialize                       - Undefined Weak Reference
    __arm_preinit_                            - Undefined Weak Reference
    __cpp_initialize__aeabi_                  - Undefined Weak Reference
    __cxa_finalize                            - Undefined Weak Reference
    __rt_locale                               - Undefined Weak Reference
    __sigvec_lookup                           - Undefined Weak Reference
    _atexit_init                              - Undefined Weak Reference
    _call_atexit_fns                          - Undefined Weak Reference
    _clock_init                               - Undefined Weak Reference
    _fp_trap_init                             - Undefined Weak Reference
    _fp_trap_shutdown                         - Undefined Weak Reference
    _get_lc_collate                           - Undefined Weak Reference
    _get_lc_ctype                             - Undefined Weak Reference
    _get_lc_monetary                          - Undefined Weak Reference
    _get_lc_numeric                           - Undefined Weak Reference
    _get_lc_time                              - Undefined Weak Reference
    _getenv_init                              - Undefined Weak Reference
    _handle_redirection                       - Undefined Weak Reference
    _init_alloc                               - Undefined Weak Reference
    _init_user_alloc                          - Undefined Weak Reference
    _initio                                   - Undefined Weak Reference
    _rand_init                                - Undefined Weak Reference
    _signal_finish                            - Undefined Weak Reference
    _signal_init                              - Undefined Weak Reference
    _terminate_alloc                          - Undefined Weak Reference
    _terminate_user_alloc                     - Undefined Weak Reference
    _terminateio                              - Undefined Weak Reference
    __Vectors_Size                           0x000000ec   Number         0  startup_stm32f103xb.o ABSOLUTE
    __Vectors                                0x08000000   Data           4  startup_stm32f103xb.o(RESET)
    __Vectors_End                            0x080000ec   Data           0  startup_stm32f103xb.o(RESET)
    __main                                   0x080000ed   Thumb Code     8  __main.o(!!!main)
    __scatterload                            0x080000f5   Thumb Code     0  __scatter.o(!!!scatter)
    __scatterload_rt2                        0x080000f5   Thumb Code    44  __scatter.o(!!!scatter)
    __scatterload_rt2_thumb_only             0x080000f5   Thumb Code     0  __scatter.o(!!!scatter)
    __scatterload_null                       0x08000103   Thumb Code     0  __scatter.o(!!!scatter)
    __decompress                             0x08000129   Thumb Code    90  __dczerorl2.o(!!dczerorl2)
    __decompress1                            0x08000129   Thumb Code     0  __dczerorl2.o(!!dczerorl2)
    __scatterload_zeroinit                   0x08000185   Thumb Code    28  __scatter_zi.o(!!handler_zi)
    __rt_lib_init                            0x080001a1   Thumb Code     0  libinit.o(.ARM.Collect$$libinit$$00000000)
    __rt_lib_init_alloca_1                   0x080001a3   Thumb Code     0  libinit2.o(.ARM.Collect$$libinit$$0000002E)
    __rt_lib_init_argv_1                     0x080001a3   Thumb Code     0  libinit2.o(.ARM.Collect$$libinit$$0000002C)
    __rt_lib_init_atexit_1                   0x080001a3   Thumb Code     0  libinit2.o(.ARM.Collect$$libinit$$0000001B)
    __rt_lib_init_clock_1                    0x080001a3   Thumb Code     0  libinit2.o(.ARM.Collect$$libinit$$00000021)
    __rt_lib_init_cpp_1                      0x080001a3   Thumb Code     0  libinit2.o(.ARM.Collect$$libinit$$00000032)
    __rt_lib_init_exceptions_1               0x080001a3   Thumb Code     0  libinit2.o(.ARM.Collect$$libinit$$00000030)
    __rt_lib_init_fp_1                       0x080001a3   Thumb Code     0  libinit2.o(.ARM.Collect$$libinit$$00000002)
    __rt_lib_init_fp_trap_1                  0x080001a3   Thumb Code     0  libinit2.o(.ARM.Collect$$libinit$$0000001F)
    __rt_lib_init_getenv_1                   0x080001a3   Thumb Code     0  libinit2.o(.ARM.Collect$$libinit$$00000023)
    __rt_lib_init_heap_1                     0x080001a3   Thumb Code     0  libinit2.o(.ARM.Collect$$libinit$$0000000A)
    __rt_lib_init_lc_collate_1               0x080001a3   Thumb Code     0  libinit2.o(.ARM.Collect$$libinit$$00000011)
    __rt_lib_init_lc_ctype_1                 0x080001a3   Thumb Code     0  libinit2.o(.ARM.Collect$$libinit$$00000013)
    __rt_lib_init_lc_monetary_1              0x080001a3   Thumb Code     0  libinit2.o(.ARM.Collect$$libinit$$00000015)
    __rt_lib_init_lc_numeric_1               0x080001a3   Thumb Code     0  libinit2.o(.ARM.Collect$$libinit$$00000017)
    __rt_lib_init_lc_time_1                  0x080001a3   Thumb Code     0  libinit2.o(.ARM.Collect$$libinit$$00000019)
    __rt_lib_init_preinit_1                  0x080001a3   Thumb Code     0  libinit2.o(.ARM.Collect$$libinit$$00000004)
    __rt_lib_init_rand_1                     0x080001a3   Thumb Code     0  libinit2.o(.ARM.Collect$$libinit$$0000000E)
    __rt_lib_init_return                     0x080001a3   Thumb Code     0  libinit2.o(.ARM.Collect$$libinit$$00000033)
    __rt_lib_init_signal_1                   0x080001a3   Thumb Code     0  libinit2.o(.ARM.Collect$$libinit$$0000001D)
    __rt_lib_init_stdio_1                    0x080001a3   Thumb Code     0  libinit2.o(.ARM.Collect$$libinit$$00000025)
    __rt_lib_init_user_alloc_1               0x080001a3   Thumb Code     0  libinit2.o(.ARM.Collect$$libinit$$0000000C)
    __rt_lib_shutdown                        0x080001a5   Thumb Code     0  libshutdown.o(.ARM.Collect$$libshutdown$$00000000)
    __rt_lib_shutdown_cpp_1                  0x080001a7   Thumb Code     0  libshutdown2.o(.ARM.Collect$$libshutdown$$00000002)
    __rt_lib_shutdown_fp_trap_1              0x080001a7   Thumb Code     0  libshutdown2.o(.ARM.Collect$$libshutdown$$00000007)
    __rt_lib_shutdown_heap_1                 0x080001a7   Thumb Code     0  libshutdown2.o(.ARM.Collect$$libshutdown$$0000000F)
    __rt_lib_shutdown_return                 0x080001a7   Thumb Code     0  libshutdown2.o(.ARM.Collect$$libshutdown$$00000010)
    __rt_lib_shutdown_signal_1               0x080001a7   Thumb Code     0  libshutdown2.o(.ARM.Collect$$libshutdown$$0000000A)
    __rt_lib_shutdown_stdio_1                0x080001a7   Thumb Code     0  libshutdown2.o(.ARM.Collect$$libshutdown$$00000004)
    __rt_lib_shutdown_user_alloc_1           0x080001a7   Thumb Code     0  libshutdown2.o(.ARM.Collect$$libshutdown$$0000000C)
    __rt_entry                               0x080001a9   Thumb Code     0  __rtentry.o(.ARM.Collect$$rtentry$$00000000)
    __rt_entry_presh_1                       0x080001a9   Thumb Code     0  __rtentry2.o(.ARM.Collect$$rtentry$$00000002)
    __rt_entry_sh                            0x080001a9   Thumb Code     0  __rtentry4.o(.ARM.Collect$$rtentry$$00000004)
    __rt_entry_li                            0x080001af   Thumb Code     0  __rtentry2.o(.ARM.Collect$$rtentry$$0000000A)
    __rt_entry_postsh_1                      0x080001af   Thumb Code     0  __rtentry2.o(.ARM.Collect$$rtentry$$00000009)
    __rt_entry_main                          0x080001b3   Thumb Code     0  __rtentry2.o(.ARM.Collect$$rtentry$$0000000D)
    __rt_entry_postli_1                      0x080001b3   Thumb Code     0  __rtentry2.o(.ARM.Collect$$rtentry$$0000000C)
    __rt_exit                                0x080001bb   Thumb Code     0  rtexit.o(.ARM.Collect$$rtexit$$00000000)
    __rt_exit_ls                             0x080001bd   Thumb Code     0  rtexit2.o(.ARM.Collect$$rtexit$$00000003)
    __rt_exit_prels_1                        0x080001bd   Thumb Code     0  rtexit2.o(.ARM.Collect$$rtexit$$00000002)
    __rt_exit_exit                           0x080001c1   Thumb Code     0  rtexit2.o(.ARM.Collect$$rtexit$$00000004)
    Reset_Handler                            0x080001c9   Thumb Code     8  startup_stm32f103xb.o(.text)
    ADC1_2_IRQHandler                        0x080001e3   Thumb Code     0  startup_stm32f103xb.o(.text)
    CAN1_RX1_IRQHandler                      0x080001e3   Thumb Code     0  startup_stm32f103xb.o(.text)
    CAN1_SCE_IRQHandler                      0x080001e3   Thumb Code     0  startup_stm32f103xb.o(.text)
    DMA1_Channel2_IRQHandler                 0x080001e3   Thumb Code     0  startup_stm32f103xb.o(.text)
    DMA1_Channel3_IRQHandler                 0x080001e3   Thumb Code     0  startup_stm32f103xb.o(.text)
    DMA1_Channel4_IRQHandler                 0x080001e3   Thumb Code     0  startup_stm32f103xb.o(.text)
    DMA1_Channel5_IRQHandler                 0x080001e3   Thumb Code     0  startup_stm32f103xb.o(.text)
    DMA1_Channel6_IRQHandler                 0x080001e3   Thumb Code     0  startup_stm32f103xb.o(.text)
    DMA1_Channel7_IRQHandler                 0x080001e3   Thumb Code     0  startup_stm32f103xb.o(.text)
    EXTI0_IRQHandler                         0x080001e3   Thumb Code     0  startup_stm32f103xb.o(.text)
    EXTI15_10_IRQHandler                     0x080001e3   Thumb Code     0  startup_stm32f103xb.o(.text)
    EXTI1_IRQHandler                         0x080001e3   Thumb Code     0  startup_stm32f103xb.o(.text)
    EXTI2_IRQHandler                         0x080001e3   Thumb Code     0  startup_stm32f103xb.o(.text)
    EXTI3_IRQHandler                         0x080001e3   Thumb Code     0  startup_stm32f103xb.o(.text)
    EXTI4_IRQHandler                         0x080001e3   Thumb Code     0  startup_stm32f103xb.o(.text)
    EXTI9_5_IRQHandler                       0x080001e3   Thumb Code     0  startup_stm32f103xb.o(.text)
    FLASH_IRQHandler                         0x080001e3   Thumb Code     0  startup_stm32f103xb.o(.text)
    I2C1_ER_IRQHandler                       0x080001e3   Thumb Code     0  startup_stm32f103xb.o(.text)
    I2C1_EV_IRQHandler                       0x080001e3   Thumb Code     0  startup_stm32f103xb.o(.text)
    I2C2_ER_IRQHandler                       0x080001e3   Thumb Code     0  startup_stm32f103xb.o(.text)
    I2C2_EV_IRQHandler                       0x080001e3   Thumb Code     0  startup_stm32f103xb.o(.text)
    PVD_IRQHandler                           0x080001e3   Thumb Code     0  startup_stm32f103xb.o(.text)
    RCC_IRQHandler                           0x080001e3   Thumb Code     0  startup_stm32f103xb.o(.text)
    RTC_Alarm_IRQHandler                     0x080001e3   Thumb Code     0  startup_stm32f103xb.o(.text)
    RTC_IRQHandler                           0x080001e3   Thumb Code     0  startup_stm32f103xb.o(.text)
    SPI1_IRQHandler                          0x080001e3   Thumb Code     0  startup_stm32f103xb.o(.text)
    SPI2_IRQHandler                          0x080001e3   Thumb Code     0  startup_stm32f103xb.o(.text)
    TAMPER_IRQHandler                        0x080001e3   Thumb Code     0  startup_stm32f103xb.o(.text)
    TIM1_BRK_IRQHandler                      0x080001e3   Thumb Code     0  startup_stm32f103xb.o(.text)
    TIM1_CC_IRQHandler                       0x080001e3   Thumb Code     0  startup_stm32f103xb.o(.text)
    TIM1_TRG_COM_IRQHandler                  0x080001e3   Thumb Code     0  startup_stm32f103xb.o(.text)
    TIM1_UP_IRQHandler                       0x080001e3   Thumb Code     0  startup_stm32f103xb.o(.text)
    TIM2_IRQHandler                          0x080001e3   Thumb Code     0  startup_stm32f103xb.o(.text)
    TIM3_IRQHandler                          0x080001e3   Thumb Code     0  startup_stm32f103xb.o(.text)
    TIM4_IRQHandler                          0x080001e3   Thumb Code     0  startup_stm32f103xb.o(.text)
    USART1_IRQHandler                        0x080001e3   Thumb Code     0  startup_stm32f103xb.o(.text)
    USART2_IRQHandler                        0x080001e3   Thumb Code     0  startup_stm32f103xb.o(.text)
    USART3_IRQHandler                        0x080001e3   Thumb Code     0  startup_stm32f103xb.o(.text)
    USBWakeUp_IRQHandler                     0x080001e3   Thumb Code     0  startup_stm32f103xb.o(.text)
    USB_HP_CAN1_TX_IRQHandler                0x080001e3   Thumb Code     0  startup_stm32f103xb.o(.text)
    WWDG_IRQHandler                          0x080001e3   Thumb Code     0  startup_stm32f103xb.o(.text)
    __user_initial_stackheap                 0x080001e5   Thumb Code     0  startup_stm32f103xb.o(.text)
    __aeabi_memcpy4                          0x08000209   Thumb Code     0  rt_memcpy_w.o(.text)
    __aeabi_memcpy8                          0x08000209   Thumb Code     0  rt_memcpy_w.o(.text)
    __rt_memcpy_w                            0x08000209   Thumb Code   100  rt_memcpy_w.o(.text)
    _memcpy_lastbytes_aligned                0x08000251   Thumb Code     0  rt_memcpy_w.o(.text)
    __aeabi_memclr4                          0x0800026d   Thumb Code     0  rt_memclr_w.o(.text)
    __aeabi_memclr8                          0x0800026d   Thumb Code     0  rt_memclr_w.o(.text)
    __rt_memclr_w                            0x0800026d   Thumb Code    78  rt_memclr_w.o(.text)
    _memset_w                                0x08000271   Thumb Code     0  rt_memclr_w.o(.text)
    __use_two_region_memory                  0x080002bb   Thumb Code     2  heapauxi.o(.text)
    __rt_heap_escrow$2region                 0x080002bd   Thumb Code     2  heapauxi.o(.text)
    __rt_heap_expand$2region                 0x080002bf   Thumb Code     2  heapauxi.o(.text)
    __user_setup_stackheap                   0x080002c1   Thumb Code    74  sys_stackheap_outer.o(.text)
    exit                                     0x0800030b   Thumb Code    18  exit.o(.text)
    __user_libspace                          0x0800031d   Thumb Code     8  libspace.o(.text)
    __user_perproc_libspace                  0x0800031d   Thumb Code     0  libspace.o(.text)
    __user_perthread_libspace                0x0800031d   Thumb Code     0  libspace.o(.text)
    _sys_exit                                0x08000325   Thumb Code     8  sys_exit.o(.text)
    __I$use$semihosting                      0x08000331   Thumb Code     0  use_no_semi.o(.text)
    __use_no_semihosting_swi                 0x08000331   Thumb Code     2  use_no_semi.o(.text)
    __semihosting_library_function           0x08000333   Thumb Code     0  indicate_semi.o(.text)
    ADC_ConversionStop_Disable               0x08000335   Thumb Code    86  stm32f1xx_hal_adc.o(i.ADC_ConversionStop_Disable)
    ADC_DMAConvCplt                          0x0800038b   Thumb Code    78  stm32f1xx_hal_adc.o(i.ADC_DMAConvCplt)
    ADC_DMAError                             0x080003d9   Thumb Code    26  stm32f1xx_hal_adc.o(i.ADC_DMAError)
    ADC_DMAHalfConvCplt                      0x080003f3   Thumb Code    10  stm32f1xx_hal_adc.o(i.ADC_DMAHalfConvCplt)
    ADC_Enable                               0x080003fd   Thumb Code   114  stm32f1xx_hal_adc.o(i.ADC_Enable)
    BusFault_Handler                         0x08000479   Thumb Code     2  stm32f1xx_it.o(i.BusFault_Handler)
    DMA1_Channel1_IRQHandler                 0x080004b1   Thumb Code     6  stm32f1xx_it.o(i.DMA1_Channel1_IRQHandler)
    DebugMon_Handler                         0x080004e7   Thumb Code     2  stm32f1xx_it.o(i.DebugMon_Handler)
    Error_Handler                            0x080004e9   Thumb Code     4  main.o(i.Error_Handler)
    HAL_ADCEx_Calibration_Start              0x080004ed   Thumb Code   210  stm32f1xx_hal_adc_ex.o(i.HAL_ADCEx_Calibration_Start)
    HAL_ADC_ConfigChannel                    0x080005c5   Thumb Code   240  stm32f1xx_hal_adc.o(i.HAL_ADC_ConfigChannel)
    HAL_ADC_ConvCpltCallback                 0x080006c1   Thumb Code    68  main.o(i.HAL_ADC_ConvCpltCallback)
    HAL_ADC_ConvHalfCpltCallback             0x08000715   Thumb Code     2  stm32f1xx_hal_adc.o(i.HAL_ADC_ConvHalfCpltCallback)
    HAL_ADC_ErrorCallback                    0x08000717   Thumb Code     2  stm32f1xx_hal_adc.o(i.HAL_ADC_ErrorCallback)
    HAL_ADC_Init                             0x08000719   Thumb Code   272  stm32f1xx_hal_adc.o(i.HAL_ADC_Init)
    HAL_ADC_MspInit                          0x08000835   Thumb Code   150  stm32f1xx_hal_msp.o(i.HAL_ADC_MspInit)
    HAL_ADC_Start_DMA                        0x080008e5   Thumb Code   246  stm32f1xx_hal_adc.o(i.HAL_ADC_Start_DMA)
    HAL_DMA_IRQHandler                       0x080009f1   Thumb Code   316  stm32f1xx_hal_dma.o(i.HAL_DMA_IRQHandler)
    HAL_DMA_Init                             0x08000b45   Thumb Code    84  stm32f1xx_hal_dma.o(i.HAL_DMA_Init)
    HAL_DMA_Start_IT                         0x08000ba1   Thumb Code   112  stm32f1xx_hal_dma.o(i.HAL_DMA_Start_IT)
    HAL_Delay                                0x08000c11   Thumb Code    32  stm32f1xx_hal.o(i.HAL_Delay)
    HAL_GPIO_Init                            0x08000c35   Thumb Code   446  stm32f1xx_hal_gpio.o(i.HAL_GPIO_Init)
    HAL_GPIO_WritePin                        0x08000e15   Thumb Code    10  stm32f1xx_hal_gpio.o(i.HAL_GPIO_WritePin)
    HAL_GetTick                              0x08000e21   Thumb Code     6  stm32f1xx_hal.o(i.HAL_GetTick)
    HAL_IncTick                              0x08000e2d   Thumb Code    12  stm32f1xx_hal.o(i.HAL_IncTick)
    HAL_Init                                 0x08000e3d   Thumb Code    32  stm32f1xx_hal.o(i.HAL_Init)
    HAL_InitTick                             0x08000e61   Thumb Code    54  stm32f1xx_hal.o(i.HAL_InitTick)
    HAL_MspInit                              0x08000ea1   Thumb Code    52  stm32f1xx_hal_msp.o(i.HAL_MspInit)
    HAL_NVIC_EnableIRQ                       0x08000edd   Thumb Code    26  stm32f1xx_hal_cortex.o(i.HAL_NVIC_EnableIRQ)
    HAL_NVIC_SetPriority                     0x08000ef9   Thumb Code    60  stm32f1xx_hal_cortex.o(i.HAL_NVIC_SetPriority)
    HAL_NVIC_SetPriorityGrouping             0x08000f39   Thumb Code    26  stm32f1xx_hal_cortex.o(i.HAL_NVIC_SetPriorityGrouping)
    HAL_PCDEx_PMAConfig                      0x08000f5d   Thumb Code    60  stm32f1xx_hal_pcd_ex.o(i.HAL_PCDEx_PMAConfig)
    HAL_PCDEx_SetConnectionState             0x08000f99   Thumb Code     2  usbd_conf.o(i.HAL_PCDEx_SetConnectionState)
    HAL_PCD_DataInStageCallback              0x08000f9b   Thumb Code    18  usbd_conf.o(i.HAL_PCD_DataInStageCallback)
    HAL_PCD_DataOutStageCallback             0x08000fad   Thumb Code    20  usbd_conf.o(i.HAL_PCD_DataOutStageCallback)
    HAL_PCD_EP_Close                         0x08000fc1   Thumb Code    76  stm32f1xx_hal_pcd.o(i.HAL_PCD_EP_Close)
    HAL_PCD_EP_ClrStall                      0x0800100d   Thumb Code    92  stm32f1xx_hal_pcd.o(i.HAL_PCD_EP_ClrStall)
    HAL_PCD_EP_Open                          0x08001487   Thumb Code    90  stm32f1xx_hal_pcd.o(i.HAL_PCD_EP_Open)
    HAL_PCD_EP_Receive                       0x080014e1   Thumb Code    46  stm32f1xx_hal_pcd.o(i.HAL_PCD_EP_Receive)
    HAL_PCD_EP_SetStall                      0x0800150f   Thumb Code   114  stm32f1xx_hal_pcd.o(i.HAL_PCD_EP_SetStall)
    HAL_PCD_EP_Transmit                      0x08001581   Thumb Code    48  stm32f1xx_hal_pcd.o(i.HAL_PCD_EP_Transmit)
    HAL_PCD_IRQHandler                       0x080015b1   Thumb Code   308  stm32f1xx_hal_pcd.o(i.HAL_PCD_IRQHandler)
    HAL_PCD_Init                             0x080016e5   Thumb Code   218  stm32f1xx_hal_pcd.o(i.HAL_PCD_Init)
    HAL_PCD_MspInit                          0x080017c1   Thumb Code    50  usbd_conf.o(i.HAL_PCD_MspInit)
    HAL_PCD_ResetCallback                    0x080017fd   Thumb Code    38  usbd_conf.o(i.HAL_PCD_ResetCallback)
    HAL_PCD_ResumeCallback                   0x08001823   Thumb Code     8  usbd_conf.o(i.HAL_PCD_ResumeCallback)
    HAL_PCD_SOFCallback                      0x0800182b   Thumb Code     8  usbd_conf.o(i.HAL_PCD_SOFCallback)
    HAL_PCD_SetAddress                       0x08001833   Thumb Code    40  stm32f1xx_hal_pcd.o(i.HAL_PCD_SetAddress)
    HAL_PCD_SetupStageCallback               0x0800185b   Thumb Code    14  usbd_conf.o(i.HAL_PCD_SetupStageCallback)
    HAL_PCD_Start                            0x08001869   Thumb Code    50  stm32f1xx_hal_pcd.o(i.HAL_PCD_Start)
    HAL_PCD_SuspendCallback                  0x0800189d   Thumb Code    30  usbd_conf.o(i.HAL_PCD_SuspendCallback)
    HAL_RCCEx_GetPeriphCLKFreq               0x080018c1   Thumb Code   148  stm32f1xx_hal_rcc_ex.o(i.HAL_RCCEx_GetPeriphCLKFreq)
    HAL_RCCEx_PeriphCLKConfig                0x08001965   Thumb Code   224  stm32f1xx_hal_rcc_ex.o(i.HAL_RCCEx_PeriphCLKConfig)
    HAL_RCC_ClockConfig                      0x08001a51   Thumb Code   280  stm32f1xx_hal_rcc.o(i.HAL_RCC_ClockConfig)
    HAL_RCC_GetPCLK2Freq                     0x08001b7d   Thumb Code    20  stm32f1xx_hal_rcc.o(i.HAL_RCC_GetPCLK2Freq)
    HAL_RCC_GetSysClockFreq                  0x08001b9d   Thumb Code    58  stm32f1xx_hal_rcc.o(i.HAL_RCC_GetSysClockFreq)
    HAL_RCC_OscConfig                        0x08001be9   Thumb Code   778  stm32f1xx_hal_rcc.o(i.HAL_RCC_OscConfig)
    HAL_SYSTICK_Config                       0x08001f09   Thumb Code    40  stm32f1xx_hal_cortex.o(i.HAL_SYSTICK_Config)
    HardFault_Handler                        0x08001f31   Thumb Code     2  stm32f1xx_it.o(i.HardFault_Handler)
    MX_USB_DEVICE_Init                       0x08002105   Thumb Code    66  usb_device.o(i.MX_USB_DEVICE_Init)
    MemManage_Handler                        0x08002159   Thumb Code     2  stm32f1xx_it.o(i.MemManage_Handler)
    NMI_Handler                              0x0800215b   Thumb Code     2  stm32f1xx_it.o(i.NMI_Handler)
    PendSV_Handler                           0x08002509   Thumb Code     2  stm32f1xx_it.o(i.PendSV_Handler)
    SVC_Handler                              0x0800250b   Thumb Code     2  stm32f1xx_it.o(i.SVC_Handler)
    SysTick_Handler                          0x0800250d   Thumb Code     4  stm32f1xx_it.o(i.SysTick_Handler)
    SystemClock_Config                       0x08002511   Thumb Code   124  main.o(i.SystemClock_Config)
    SystemInit                               0x0800258d   Thumb Code     2  system_stm32f1xx.o(i.SystemInit)
    USBD_CUSTOM_HID_RegisterInterface        0x080026a1   Thumb Code    16  usbd_customhid.o(i.USBD_CUSTOM_HID_RegisterInterface)
    USBD_CUSTOM_HID_SendReport               0x080026b1   Thumb Code    44  usbd_customhid.o(i.USBD_CUSTOM_HID_SendReport)
    USBD_ClrClassConfig                      0x080027bd   Thumb Code    14  usbd_core.o(i.USBD_ClrClassConfig)
    USBD_CtlContinueRx                       0x080027cb   Thumb Code    16  usbd_ioreq.o(i.USBD_CtlContinueRx)
    USBD_CtlContinueSendData                 0x080027db   Thumb Code    16  usbd_ioreq.o(i.USBD_CtlContinueSendData)
    USBD_CtlError                            0x080027eb   Thumb Code    22  usbd_ctlreq.o(i.USBD_CtlError)
    USBD_CtlPrepareRx                        0x08002801   Thumb Code    30  usbd_ioreq.o(i.USBD_CtlPrepareRx)
    USBD_CtlReceiveStatus                    0x0800281f   Thumb Code    22  usbd_ioreq.o(i.USBD_CtlReceiveStatus)
    USBD_CtlSendData                         0x08002835   Thumb Code    26  usbd_ioreq.o(i.USBD_CtlSendData)
    USBD_CtlSendStatus                       0x0800284f   Thumb Code    22  usbd_ioreq.o(i.USBD_CtlSendStatus)
    USBD_FS_ConfigStrDescriptor              0x08002865   Thumb Code    16  usbd_desc.o(i.USBD_FS_ConfigStrDescriptor)
    USBD_FS_DeviceDescriptor                 0x0800288d   Thumb Code     8  usbd_desc.o(i.USBD_FS_DeviceDescriptor)
    USBD_FS_InterfaceStrDescriptor           0x08002899   Thumb Code    16  usbd_desc.o(i.USBD_FS_InterfaceStrDescriptor)
    USBD_FS_LangIDStrDescriptor              0x080028c5   Thumb Code     8  usbd_desc.o(i.USBD_FS_LangIDStrDescriptor)
    USBD_FS_ManufacturerStrDescriptor        0x080028d1   Thumb Code    16  usbd_desc.o(i.USBD_FS_ManufacturerStrDescriptor)
    USBD_FS_ProductStrDescriptor             0x080028f9   Thumb Code    16  usbd_desc.o(i.USBD_FS_ProductStrDescriptor)
    USBD_FS_SerialStrDescriptor              0x0800292d   Thumb Code    36  usbd_desc.o(i.USBD_FS_SerialStrDescriptor)
    USBD_GetString                           0x08002a3d   Thumb Code    72  usbd_ctlreq.o(i.USBD_GetString)
    USBD_Init                                0x08002a9d   Thumb Code    42  usbd_core.o(i.USBD_Init)
    USBD_LL_ClearStallEP                     0x08002ac7   Thumb Code    18  usbd_conf.o(i.USBD_LL_ClearStallEP)
    USBD_LL_CloseEP                          0x08002ad9   Thumb Code    18  usbd_conf.o(i.USBD_LL_CloseEP)
    USBD_LL_DataInStage                      0x08002aeb   Thumb Code   198  usbd_core.o(i.USBD_LL_DataInStage)
    USBD_LL_DataOutStage                     0x08002bb1   Thumb Code   130  usbd_core.o(i.USBD_LL_DataOutStage)
    USBD_LL_Init                             0x08002c35   Thumb Code   104  usbd_conf.o(i.USBD_LL_Init)
    USBD_LL_IsStallEP                        0x08002ca5   Thumb Code    32  usbd_conf.o(i.USBD_LL_IsStallEP)
    USBD_LL_OpenEP                           0x08002cc5   Thumb Code    24  usbd_conf.o(i.USBD_LL_OpenEP)
    USBD_LL_PrepareReceive                   0x08002cdd   Thumb Code    18  usbd_conf.o(i.USBD_LL_PrepareReceive)
    USBD_LL_Reset                            0x08002cef   Thumb Code    80  usbd_core.o(i.USBD_LL_Reset)
    USBD_LL_Resume                           0x08002d3f   Thumb Code    20  usbd_core.o(i.USBD_LL_Resume)
    USBD_LL_SOF                              0x08002d53   Thumb Code    24  usbd_core.o(i.USBD_LL_SOF)
    USBD_LL_SetSpeed                         0x08002d6b   Thumb Code     6  usbd_core.o(i.USBD_LL_SetSpeed)
    USBD_LL_SetUSBAddress                    0x08002d71   Thumb Code    18  usbd_conf.o(i.USBD_LL_SetUSBAddress)
    USBD_LL_SetupStage                       0x08002d83   Thumb Code    90  usbd_core.o(i.USBD_LL_SetupStage)
    USBD_LL_StallEP                          0x08002ddd   Thumb Code    18  usbd_conf.o(i.USBD_LL_StallEP)
    USBD_LL_Start                            0x08002def   Thumb Code    18  usbd_conf.o(i.USBD_LL_Start)
    USBD_LL_Suspend                          0x08002e01   Thumb Code    18  usbd_core.o(i.USBD_LL_Suspend)
    USBD_LL_Transmit                         0x08002e13   Thumb Code    18  usbd_conf.o(i.USBD_LL_Transmit)
    USBD_ParseSetupRequest                   0x08002e25   Thumb Code    40  usbd_ctlreq.o(i.USBD_ParseSetupRequest)
    USBD_RegisterClass                       0x08002e4d   Thumb Code    16  usbd_core.o(i.USBD_RegisterClass)
    USBD_SetClassConfig                      0x08002e5d   Thumb Code    22  usbd_core.o(i.USBD_SetClassConfig)
    USBD_Start                               0x08002ef9   Thumb Code    10  usbd_core.o(i.USBD_Start)
    USBD_StdDevReq                           0x08002f03   Thumb Code   274  usbd_ctlreq.o(i.USBD_StdDevReq)
    USBD_StdEPReq                            0x08003015   Thumb Code   336  usbd_ctlreq.o(i.USBD_StdEPReq)
    USBD_StdItfReq                           0x08003165   Thumb Code    78  usbd_ctlreq.o(i.USBD_StdItfReq)
    USBD_static_free                         0x080031b3   Thumb Code     2  usbd_conf.o(i.USBD_static_free)
    USBD_static_malloc                       0x080031b5   Thumb Code     4  usbd_conf.o(i.USBD_static_malloc)
    USB_ActivateEndpoint                     0x080031bd   Thumb Code   668  stm32f1xx_ll_usb.o(i.USB_ActivateEndpoint)
    USB_CoreInit                             0x08003459   Thumb Code     4  stm32f1xx_ll_usb.o(i.USB_CoreInit)
    USB_DeactivateEndpoint                   0x0800345d   Thumb Code   270  stm32f1xx_ll_usb.o(i.USB_DeactivateEndpoint)
    USB_DevConnect                           0x0800356b   Thumb Code     4  stm32f1xx_ll_usb.o(i.USB_DevConnect)
    USB_DevDisconnect                        0x0800356f   Thumb Code     4  stm32f1xx_ll_usb.o(i.USB_DevDisconnect)
    USB_DevInit                              0x08003573   Thumb Code    18  stm32f1xx_ll_usb.o(i.USB_DevInit)
    USB_DisableGlobalInt                     0x08003585   Thumb Code    14  stm32f1xx_ll_usb.o(i.USB_DisableGlobalInt)
    USB_EP0_OutStart                         0x08003593   Thumb Code     4  stm32f1xx_ll_usb.o(i.USB_EP0_OutStart)
    USB_EPClearStall                         0x08003597   Thumb Code   120  stm32f1xx_ll_usb.o(i.USB_EPClearStall)
    USB_EPSetStall                           0x0800360f   Thumb Code    50  stm32f1xx_ll_usb.o(i.USB_EPSetStall)
    USB_EPStartXfer                          0x08003641   Thumb Code  1250  stm32f1xx_ll_usb.o(i.USB_EPStartXfer)
    USB_EnableGlobalInt                      0x08003b23   Thumb Code    18  stm32f1xx_ll_usb.o(i.USB_EnableGlobalInt)
    USB_LP_CAN1_RX0_IRQHandler               0x08003b35   Thumb Code     6  stm32f1xx_it.o(i.USB_LP_CAN1_RX0_IRQHandler)
    USB_ReadInterrupts                       0x08003b41   Thumb Code     6  stm32f1xx_ll_usb.o(i.USB_ReadInterrupts)
    USB_ReadPMA                              0x08003b49   Thumb Code    44  stm32f1xx_ll_usb.o(i.USB_ReadPMA)
    USB_SetCurrentMode                       0x08003b75   Thumb Code     4  stm32f1xx_ll_usb.o(i.USB_SetCurrentMode)
    USB_SetDevAddress                        0x08003b79   Thumb Code    12  stm32f1xx_ll_usb.o(i.USB_SetDevAddress)
    USB_WritePMA                             0x08003b85   Thumb Code    38  stm32f1xx_ll_usb.o(i.USB_WritePMA)
    UsageFault_Handler                       0x08003bab   Thumb Code     2  stm32f1xx_it.o(i.UsageFault_Handler)
    func2                                    0x08003bcd   Thumb Code   116  main.o(i.func2)
    main                                     0x08003c4d   Thumb Code   230  main.o(i.main)
    show4                                    0x08003d49   Thumb Code   672  main.o(i.show4)
    __aeabi_d2f                              0x08004005   Thumb Code     0  d2f.o(x$fpl$d2f)
    _d2f                                     0x08004005   Thumb Code    98  d2f.o(x$fpl$d2f)
    __fpl_dcmp_Inf                           0x08004067   Thumb Code    24  dcmpi.o(x$fpl$dcmpinf)
    __aeabi_ddiv                             0x08004081   Thumb Code     0  ddiv.o(x$fpl$ddiv)
    _ddiv                                    0x08004081   Thumb Code   552  ddiv.o(x$fpl$ddiv)
    __aeabi_d2iz                             0x08004331   Thumb Code     0  dfix.o(x$fpl$dfix)
    _dfix                                    0x08004331   Thumb Code    94  dfix.o(x$fpl$dfix)
    __aeabi_ui2d                             0x0800438f   Thumb Code     0  dflt_clz.o(x$fpl$dfltu)
    _dfltu                                   0x0800438f   Thumb Code    38  dflt_clz.o(x$fpl$dfltu)
    __aeabi_cdcmple                          0x080043b5   Thumb Code     0  dleqf.o(x$fpl$dleqf)
    _dcmple                                  0x080043b5   Thumb Code   120  dleqf.o(x$fpl$dleqf)
    __fpl_dcmple_InfNaN                      0x08004417   Thumb Code     0  dleqf.o(x$fpl$dleqf)
    __aeabi_dmul                             0x0800442d   Thumb Code     0  dmul.o(x$fpl$dmul)
    _dmul                                    0x0800442d   Thumb Code   332  dmul.o(x$fpl$dmul)
    __fpl_dnaninf                            0x08004581   Thumb Code   156  dnaninf.o(x$fpl$dnaninf)
    __fpl_dretinf                            0x0800461d   Thumb Code    12  dretinf.o(x$fpl$dretinf)
    __aeabi_cdrcmple                         0x08004629   Thumb Code     0  drleqf.o(x$fpl$drleqf)
    _drcmple                                 0x08004629   Thumb Code   108  drleqf.o(x$fpl$drleqf)
    __aeabi_f2d                              0x08004695   Thumb Code     0  f2d.o(x$fpl$f2d)
    _f2d                                     0x08004695   Thumb Code    86  f2d.o(x$fpl$f2d)
    __fpl_fcheck_NaN1                        0x080046ed   Thumb Code     6  fcheck1.o(x$fpl$fcheck1)
    __aeabi_ui2f                             0x080046f9   Thumb Code     0  fflt_clz.o(x$fpl$ffltu)
    _ffltu                                   0x080046f9   Thumb Code    38  fflt_clz.o(x$fpl$ffltu)
    __fpl_fnaninf                            0x0800471f   Thumb Code   140  fnaninf.o(x$fpl$fnaninf)
    __fpl_fretinf                            0x080047ab   Thumb Code    10  fretinf.o(x$fpl$fretinf)
    __fpl_return_NaN                         0x080047b5   Thumb Code   100  retnan.o(x$fpl$retnan)
    __ARM_scalbnf                            0x08004819   Thumb Code    76  scalbnf.o(x$fpl$scalbnf)
    __fpl_cmpreturn                          0x08004865   Thumb Code    48  trapv.o(x$fpl$trapveneer)
    __I$use$fp                               0x08004894   Number         0  usenofp.o(x$fpl$usenofp)
    AHBPrescTable                            0x080048b8   Data          16  system_stm32f1xx.o(.constdata)
    APBPrescTable                            0x080048c8   Data           8  system_stm32f1xx.o(.constdata)
    Region$$Table$$Base                      0x080048d0   Number         0  anon$$obj.o(Region$$Table)
    Region$$Table$$Limit                     0x080048f0   Number         0  anon$$obj.o(Region$$Table)
    count                                    0x20000000   Data           4  main.o(.data)
    chars                                    0x20000004   Data           8  main.o(.data)
    numbers                                  0x2000000c   Data          40  main.o(.data)
    USBdataFlag                              0x20000034   Data           1  main.o(.data)
    FS_Desc                                  0x20000038   Data          28  usbd_desc.o(.data)
    USBD_LangIDDesc                          0x20000054   Data           4  usbd_desc.o(.data)
    USBD_FS_DeviceDesc                       0x20000058   Data          18  usbd_desc.o(.data)
    USBD_StringSerial                        0x2000006c   Data          26  usbd_desc.o(.data)
    USBD_CustomHID_fops_FS                   0x200000a8   Data          16  usbd_custom_hid_if.o(.data)
    uwTickFreq                               0x200000b8   Data           1  stm32f1xx_hal.o(.data)
    uwTickPrio                               0x200000bc   Data           4  stm32f1xx_hal.o(.data)
    uwTick                                   0x200000c0   Data           4  stm32f1xx_hal.o(.data)
    SystemCoreClock                          0x200000c4   Data           4  system_stm32f1xx.o(.data)
    USBD_CUSTOM_HID                          0x200000cc   Data          56  usbd_customhid.o(.data)
    USBRxBuff                                0x200001a0   Data          64  main.o(.bss)
    hadc1                                    0x200001e0   Data          48  main.o(.bss)
    val                                      0x20000210   Data          18  main.o(.bss)
    vii                                      0x20000224   Data          32  main.o(.bss)
    hdma_adc1                                0x20000244   Data          68  main.o(.bss)
    hUsbDeviceFS                             0x20000288   Data         708  usb_device.o(.bss)
    USBD_StrDesc                             0x2000054c   Data         512  usbd_desc.o(.bss)
    hpcd_USB_FS                              0x200007a4   Data         752  usbd_conf.o(.bss)
    __libspace_start                         0x20000a94   Data          96  libspace.o(.bss)
    __temporary_stack_top$libspace           0x20000af4   Data           0  libspace.o(.bss)



==============================================================================

Memory Map of the image

  Image Entry point : 0x080000ed

  Load Region LR_IROM1 (Base: 0x08000000, Size: 0x00004a90, Max: 0x00020000, ABSOLUTE, COMPRESSED[0x000049d4])

    Execution Region ER_IROM1 (Exec base: 0x08000000, Load base: 0x08000000, Size: 0x000048f0, Max: 0x00020000, ABSOLUTE)

    Exec Addr    Load Addr    Size         Type   Attr      Idx    E Section Name        Object

    0x08000000   0x08000000   0x000000ec   Data   RO            3    RESET               startup_stm32f103xb.o
    0x080000ec   0x080000ec   0x00000008   Code   RO         2905  * !!!main             c_w.l(__main.o)
    0x080000f4   0x080000f4   0x00000034   Code   RO         3113    !!!scatter          c_w.l(__scatter.o)
    0x08000128   0x08000128   0x0000005a   Code   RO         3111    !!dczerorl2         c_w.l(__dczerorl2.o)
    0x08000182   0x08000182   0x00000002   PAD
    0x08000184   0x08000184   0x0000001c   Code   RO         3115    !!handler_zi        c_w.l(__scatter_zi.o)
    0x080001a0   0x080001a0   0x00000002   Code   RO         2979    .ARM.Collect$$libinit$$00000000  c_w.l(libinit.o)
    0x080001a2   0x080001a2   0x00000000   Code   RO         2988    .ARM.Collect$$libinit$$00000002  c_w.l(libinit2.o)
    0x080001a2   0x080001a2   0x00000000   Code   RO         2990    .ARM.Collect$$libinit$$00000004  c_w.l(libinit2.o)
    0x080001a2   0x080001a2   0x00000000   Code   RO         2993    .ARM.Collect$$libinit$$0000000A  c_w.l(libinit2.o)
    0x080001a2   0x080001a2   0x00000000   Code   RO         2995    .ARM.Collect$$libinit$$0000000C  c_w.l(libinit2.o)
    0x080001a2   0x080001a2   0x00000000   Code   RO         2997    .ARM.Collect$$libinit$$0000000E  c_w.l(libinit2.o)
    0x080001a2   0x080001a2   0x00000000   Code   RO         3000    .ARM.Collect$$libinit$$00000011  c_w.l(libinit2.o)
    0x080001a2   0x080001a2   0x00000000   Code   RO         3002    .ARM.Collect$$libinit$$00000013  c_w.l(libinit2.o)
    0x080001a2   0x080001a2   0x00000000   Code   RO         3004    .ARM.Collect$$libinit$$00000015  c_w.l(libinit2.o)
    0x080001a2   0x080001a2   0x00000000   Code   RO         3006    .ARM.Collect$$libinit$$00000017  c_w.l(libinit2.o)
    0x080001a2   0x080001a2   0x00000000   Code   RO         3008    .ARM.Collect$$libinit$$00000019  c_w.l(libinit2.o)
    0x080001a2   0x080001a2   0x00000000   Code   RO         3010    .ARM.Collect$$libinit$$0000001B  c_w.l(libinit2.o)
    0x080001a2   0x080001a2   0x00000000   Code   RO         3012    .ARM.Collect$$libinit$$0000001D  c_w.l(libinit2.o)
    0x080001a2   0x080001a2   0x00000000   Code   RO         3014    .ARM.Collect$$libinit$$0000001F  c_w.l(libinit2.o)
    0x080001a2   0x080001a2   0x00000000   Code   RO         3016    .ARM.Collect$$libinit$$00000021  c_w.l(libinit2.o)
    0x080001a2   0x080001a2   0x00000000   Code   RO         3018    .ARM.Collect$$libinit$$00000023  c_w.l(libinit2.o)
    0x080001a2   0x080001a2   0x00000000   Code   RO         3020    .ARM.Collect$$libinit$$00000025  c_w.l(libinit2.o)
    0x080001a2   0x080001a2   0x00000000   Code   RO         3024    .ARM.Collect$$libinit$$0000002C  c_w.l(libinit2.o)
    0x080001a2   0x080001a2   0x00000000   Code   RO         3026    .ARM.Collect$$libinit$$0000002E  c_w.l(libinit2.o)
    0x080001a2   0x080001a2   0x00000000   Code   RO         3028    .ARM.Collect$$libinit$$00000030  c_w.l(libinit2.o)
    0x080001a2   0x080001a2   0x00000000   Code   RO         3030    .ARM.Collect$$libinit$$00000032  c_w.l(libinit2.o)
    0x080001a2   0x080001a2   0x00000002   Code   RO         3031    .ARM.Collect$$libinit$$00000033  c_w.l(libinit2.o)
    0x080001a4   0x080001a4   0x00000002   Code   RO         3051    .ARM.Collect$$libshutdown$$00000000  c_w.l(libshutdown.o)
    0x080001a6   0x080001a6   0x00000000   Code   RO         3064    .ARM.Collect$$libshutdown$$00000002  c_w.l(libshutdown2.o)
    0x080001a6   0x080001a6   0x00000000   Code   RO         3066    .ARM.Collect$$libshutdown$$00000004  c_w.l(libshutdown2.o)
    0x080001a6   0x080001a6   0x00000000   Code   RO         3069    .ARM.Collect$$libshutdown$$00000007  c_w.l(libshutdown2.o)
    0x080001a6   0x080001a6   0x00000000   Code   RO         3072    .ARM.Collect$$libshutdown$$0000000A  c_w.l(libshutdown2.o)
    0x080001a6   0x080001a6   0x00000000   Code   RO         3074    .ARM.Collect$$libshutdown$$0000000C  c_w.l(libshutdown2.o)
    0x080001a6   0x080001a6   0x00000000   Code   RO         3077    .ARM.Collect$$libshutdown$$0000000F  c_w.l(libshutdown2.o)
    0x080001a6   0x080001a6   0x00000002   Code   RO         3078    .ARM.Collect$$libshutdown$$00000010  c_w.l(libshutdown2.o)
    0x080001a8   0x080001a8   0x00000000   Code   RO         2939    .ARM.Collect$$rtentry$$00000000  c_w.l(__rtentry.o)
    0x080001a8   0x080001a8   0x00000000   Code   RO         2954    .ARM.Collect$$rtentry$$00000002  c_w.l(__rtentry2.o)
    0x080001a8   0x080001a8   0x00000006   Code   RO         2966    .ARM.Collect$$rtentry$$00000004  c_w.l(__rtentry4.o)
    0x080001ae   0x080001ae   0x00000000   Code   RO         2956    .ARM.Collect$$rtentry$$00000009  c_w.l(__rtentry2.o)
    0x080001ae   0x080001ae   0x00000004   Code   RO         2957    .ARM.Collect$$rtentry$$0000000A  c_w.l(__rtentry2.o)
    0x080001b2   0x080001b2   0x00000000   Code   RO         2959    .ARM.Collect$$rtentry$$0000000C  c_w.l(__rtentry2.o)
    0x080001b2   0x080001b2   0x00000008   Code   RO         2960    .ARM.Collect$$rtentry$$0000000D  c_w.l(__rtentry2.o)
    0x080001ba   0x080001ba   0x00000002   Code   RO         2985    .ARM.Collect$$rtexit$$00000000  c_w.l(rtexit.o)
    0x080001bc   0x080001bc   0x00000000   Code   RO         3033    .ARM.Collect$$rtexit$$00000002  c_w.l(rtexit2.o)
    0x080001bc   0x080001bc   0x00000004   Code   RO         3034    .ARM.Collect$$rtexit$$00000003  c_w.l(rtexit2.o)
    0x080001c0   0x080001c0   0x00000006   Code   RO         3035    .ARM.Collect$$rtexit$$00000004  c_w.l(rtexit2.o)
    0x080001c6   0x080001c6   0x00000002   PAD
    0x080001c8   0x080001c8   0x00000040   Code   RO            4    .text               startup_stm32f103xb.o
    0x08000208   0x08000208   0x00000064   Code   RO         2899    .text               c_w.l(rt_memcpy_w.o)
    0x0800026c   0x0800026c   0x0000004e   Code   RO         2901    .text               c_w.l(rt_memclr_w.o)
    0x080002ba   0x080002ba   0x00000006   Code   RO         2903    .text               c_w.l(heapauxi.o)
    0x080002c0   0x080002c0   0x0000004a   Code   RO         2970    .text               c_w.l(sys_stackheap_outer.o)
    0x0800030a   0x0800030a   0x00000012   Code   RO         2972    .text               c_w.l(exit.o)
    0x0800031c   0x0800031c   0x00000008   Code   RO         2982    .text               c_w.l(libspace.o)
    0x08000324   0x08000324   0x0000000c   Code   RO         3043    .text               c_w.l(sys_exit.o)
    0x08000330   0x08000330   0x00000002   Code   RO         3054    .text               c_w.l(use_no_semi.o)
    0x08000332   0x08000332   0x00000000   Code   RO         3056    .text               c_w.l(indicate_semi.o)
    0x08000332   0x08000332   0x00000002   PAD
    0x08000334   0x08000334   0x00000056   Code   RO         2198    i.ADC_ConversionStop_Disable  stm32f1xx_hal_adc.o
    0x0800038a   0x0800038a   0x0000004e   Code   RO         2199    i.ADC_DMAConvCplt   stm32f1xx_hal_adc.o
    0x080003d8   0x080003d8   0x0000001a   Code   RO         2200    i.ADC_DMAError      stm32f1xx_hal_adc.o
    0x080003f2   0x080003f2   0x0000000a   Code   RO         2201    i.ADC_DMAHalfConvCplt  stm32f1xx_hal_adc.o
    0x080003fc   0x080003fc   0x0000007c   Code   RO         2202    i.ADC_Enable        stm32f1xx_hal_adc.o
    0x08000478   0x08000478   0x00000002   Code   RO          221    i.BusFault_Handler  stm32f1xx_it.o
    0x0800047a   0x0800047a   0x00000004   Code   RO          467    i.CUSTOM_HID_DeInit_FS  usbd_custom_hid_if.o
    0x0800047e   0x0800047e   0x00000004   Code   RO          468    i.CUSTOM_HID_Init_FS  usbd_custom_hid_if.o
    0x08000482   0x08000482   0x00000002   PAD
    0x08000484   0x08000484   0x0000002c   Code   RO          469    i.CUSTOM_HID_OutEvent_FS  usbd_custom_hid_if.o
    0x080004b0   0x080004b0   0x0000000c   Code   RO          222    i.DMA1_Channel1_IRQHandler  stm32f1xx_it.o
    0x080004bc   0x080004bc   0x0000002a   Code   RO         1601    i.DMA_SetConfig     stm32f1xx_hal_dma.o
    0x080004e6   0x080004e6   0x00000002   Code   RO          223    i.DebugMon_Handler  stm32f1xx_it.o
    0x080004e8   0x080004e8   0x00000004   Code   RO           13    i.Error_Handler     main.o
    0x080004ec   0x080004ec   0x000000d8   Code   RO         2378    i.HAL_ADCEx_Calibration_Start  stm32f1xx_hal_adc_ex.o
    0x080005c4   0x080005c4   0x000000fc   Code   RO         2204    i.HAL_ADC_ConfigChannel  stm32f1xx_hal_adc.o
    0x080006c0   0x080006c0   0x00000054   Code   RO           14    i.HAL_ADC_ConvCpltCallback  main.o
    0x08000714   0x08000714   0x00000002   Code   RO         2206    i.HAL_ADC_ConvHalfCpltCallback  stm32f1xx_hal_adc.o
    0x08000716   0x08000716   0x00000002   Code   RO         2208    i.HAL_ADC_ErrorCallback  stm32f1xx_hal_adc.o
    0x08000718   0x08000718   0x0000011c   Code   RO         2213    i.HAL_ADC_Init      stm32f1xx_hal_adc.o
    0x08000834   0x08000834   0x000000b0   Code   RO          310    i.HAL_ADC_MspInit   stm32f1xx_hal_msp.o
    0x080008e4   0x080008e4   0x0000010c   Code   RO         2220    i.HAL_ADC_Start_DMA  stm32f1xx_hal_adc.o
    0x080009f0   0x080009f0   0x00000154   Code   RO         1607    i.HAL_DMA_IRQHandler  stm32f1xx_hal_dma.o
    0x08000b44   0x08000b44   0x0000005c   Code   RO         1608    i.HAL_DMA_Init      stm32f1xx_hal_dma.o
    0x08000ba0   0x08000ba0   0x00000070   Code   RO         1612    i.HAL_DMA_Start_IT  stm32f1xx_hal_dma.o
    0x08000c10   0x08000c10   0x00000024   Code   RO         1228    i.HAL_Delay         stm32f1xx_hal.o
    0x08000c34   0x08000c34   0x000001e0   Code   RO         1538    i.HAL_GPIO_Init     stm32f1xx_hal_gpio.o
    0x08000e14   0x08000e14   0x0000000a   Code   RO         1542    i.HAL_GPIO_WritePin  stm32f1xx_hal_gpio.o
    0x08000e1e   0x08000e1e   0x00000002   PAD
    0x08000e20   0x08000e20   0x0000000c   Code   RO         1232    i.HAL_GetTick       stm32f1xx_hal.o
    0x08000e2c   0x08000e2c   0x00000010   Code   RO         1238    i.HAL_IncTick       stm32f1xx_hal.o
    0x08000e3c   0x08000e3c   0x00000024   Code   RO         1239    i.HAL_Init          stm32f1xx_hal.o
    0x08000e60   0x08000e60   0x00000040   Code   RO         1240    i.HAL_InitTick      stm32f1xx_hal.o
    0x08000ea0   0x08000ea0   0x0000003c   Code   RO          311    i.HAL_MspInit       stm32f1xx_hal_msp.o
    0x08000edc   0x08000edc   0x0000001a   Code   RO         1698    i.HAL_NVIC_EnableIRQ  stm32f1xx_hal_cortex.o
    0x08000ef6   0x08000ef6   0x00000002   PAD
    0x08000ef8   0x08000ef8   0x00000040   Code   RO         1704    i.HAL_NVIC_SetPriority  stm32f1xx_hal_cortex.o
    0x08000f38   0x08000f38   0x00000024   Code   RO         1705    i.HAL_NVIC_SetPriorityGrouping  stm32f1xx_hal_cortex.o
    0x08000f5c   0x08000f5c   0x0000003c   Code   RO          995    i.HAL_PCDEx_PMAConfig  stm32f1xx_hal_pcd_ex.o
    0x08000f98   0x08000f98   0x00000002   Code   RO          508    i.HAL_PCDEx_SetConnectionState  usbd_conf.o
    0x08000f9a   0x08000f9a   0x00000012   Code   RO          510    i.HAL_PCD_DataInStageCallback  usbd_conf.o
    0x08000fac   0x08000fac   0x00000014   Code   RO          511    i.HAL_PCD_DataOutStageCallback  usbd_conf.o
    0x08000fc0   0x08000fc0   0x0000004c   Code   RO          766    i.HAL_PCD_EP_Close  stm32f1xx_hal_pcd.o
    0x0800100c   0x0800100c   0x0000005c   Code   RO          767    i.HAL_PCD_EP_ClrStall  stm32f1xx_hal_pcd.o
    0x08001068   0x08001068   0x000000e6   Code   RO          768    i.HAL_PCD_EP_DB_Receive  stm32f1xx_hal_pcd.o
    0x0800114e   0x0800114e   0x00000338   Code   RO          769    i.HAL_PCD_EP_DB_Transmit  stm32f1xx_hal_pcd.o
    0x08001486   0x08001486   0x0000005a   Code   RO          772    i.HAL_PCD_EP_Open   stm32f1xx_hal_pcd.o
    0x080014e0   0x080014e0   0x0000002e   Code   RO          773    i.HAL_PCD_EP_Receive  stm32f1xx_hal_pcd.o
    0x0800150e   0x0800150e   0x00000072   Code   RO          774    i.HAL_PCD_EP_SetStall  stm32f1xx_hal_pcd.o
    0x08001580   0x08001580   0x00000030   Code   RO          775    i.HAL_PCD_EP_Transmit  stm32f1xx_hal_pcd.o
    0x080015b0   0x080015b0   0x00000134   Code   RO          777    i.HAL_PCD_IRQHandler  stm32f1xx_hal_pcd.o
    0x080016e4   0x080016e4   0x000000da   Code   RO          780    i.HAL_PCD_Init      stm32f1xx_hal_pcd.o
    0x080017be   0x080017be   0x00000002   PAD
    0x080017c0   0x080017c0   0x0000003c   Code   RO          516    i.HAL_PCD_MspInit   usbd_conf.o
    0x080017fc   0x080017fc   0x00000026   Code   RO          517    i.HAL_PCD_ResetCallback  usbd_conf.o
    0x08001822   0x08001822   0x00000008   Code   RO          518    i.HAL_PCD_ResumeCallback  usbd_conf.o
    0x0800182a   0x0800182a   0x00000008   Code   RO          519    i.HAL_PCD_SOFCallback  usbd_conf.o
    0x08001832   0x08001832   0x00000028   Code   RO          786    i.HAL_PCD_SetAddress  stm32f1xx_hal_pcd.o
    0x0800185a   0x0800185a   0x0000000e   Code   RO          520    i.HAL_PCD_SetupStageCallback  usbd_conf.o
    0x08001868   0x08001868   0x00000032   Code   RO          788    i.HAL_PCD_Start     stm32f1xx_hal_pcd.o
    0x0800189a   0x0800189a   0x00000002   PAD
    0x0800189c   0x0800189c   0x00000024   Code   RO          521    i.HAL_PCD_SuspendCallback  usbd_conf.o
    0x080018c0   0x080018c0   0x000000a4   Code   RO         1499    i.HAL_RCCEx_GetPeriphCLKFreq  stm32f1xx_hal_rcc_ex.o
    0x08001964   0x08001964   0x000000ec   Code   RO         1500    i.HAL_RCCEx_PeriphCLKConfig  stm32f1xx_hal_rcc_ex.o
    0x08001a50   0x08001a50   0x0000012c   Code   RO         1396    i.HAL_RCC_ClockConfig  stm32f1xx_hal_rcc.o
    0x08001b7c   0x08001b7c   0x00000020   Code   RO         1404    i.HAL_RCC_GetPCLK2Freq  stm32f1xx_hal_rcc.o
    0x08001b9c   0x08001b9c   0x0000004c   Code   RO         1405    i.HAL_RCC_GetSysClockFreq  stm32f1xx_hal_rcc.o
    0x08001be8   0x08001be8   0x00000320   Code   RO         1408    i.HAL_RCC_OscConfig  stm32f1xx_hal_rcc.o
    0x08001f08   0x08001f08   0x00000028   Code   RO         1709    i.HAL_SYSTICK_Config  stm32f1xx_hal_cortex.o
    0x08001f30   0x08001f30   0x00000002   Code   RO          224    i.HardFault_Handler  stm32f1xx_it.o
    0x08001f32   0x08001f32   0x00000002   PAD
    0x08001f34   0x08001f34   0x00000038   Code   RO          381    i.IntToUnicode      usbd_desc.o
    0x08001f6c   0x08001f6c   0x000000c8   Code   RO           15    i.MX_ADC1_Init      main.o
    0x08002034   0x08002034   0x000000d0   Code   RO           16    i.MX_GPIO_Init      main.o
    0x08002104   0x08002104   0x00000054   Code   RO          346    i.MX_USB_DEVICE_Init  usb_device.o
    0x08002158   0x08002158   0x00000002   Code   RO          225    i.MemManage_Handler  stm32f1xx_it.o
    0x0800215a   0x0800215a   0x00000002   Code   RO          226    i.NMI_Handler       stm32f1xx_it.o
    0x0800215c   0x0800215c   0x000003ac   Code   RO          792    i.PCD_EP_ISR_Handler  stm32f1xx_hal_pcd.o
    0x08002508   0x08002508   0x00000002   Code   RO          227    i.PendSV_Handler    stm32f1xx_it.o
    0x0800250a   0x0800250a   0x00000002   Code   RO          228    i.SVC_Handler       stm32f1xx_it.o
    0x0800250c   0x0800250c   0x00000004   Code   RO          229    i.SysTick_Handler   stm32f1xx_it.o
    0x08002510   0x08002510   0x0000007c   Code   RO           17    i.SystemClock_Config  main.o
    0x0800258c   0x0800258c   0x00000002   Code   RO         2511    i.SystemInit        system_stm32f1xx.o
    0x0800258e   0x0800258e   0x0000000e   Code   RO         2811    i.USBD_CUSTOM_HID_DataIn  usbd_customhid.o
    0x0800259c   0x0800259c   0x00000024   Code   RO         2812    i.USBD_CUSTOM_HID_DataOut  usbd_customhid.o
    0x080025c0   0x080025c0   0x00000038   Code   RO         2813    i.USBD_CUSTOM_HID_DeInit  usbd_customhid.o
    0x080025f8   0x080025f8   0x00000022   Code   RO         2814    i.USBD_CUSTOM_HID_EP0_RxReady  usbd_customhid.o
    0x0800261a   0x0800261a   0x00000002   PAD
    0x0800261c   0x0800261c   0x0000000c   Code   RO         2815    i.USBD_CUSTOM_HID_GetDeviceQualifierDesc  usbd_customhid.o
    0x08002628   0x08002628   0x0000000c   Code   RO         2816    i.USBD_CUSTOM_HID_GetFSCfgDesc  usbd_customhid.o
    0x08002634   0x08002634   0x0000000c   Code   RO         2817    i.USBD_CUSTOM_HID_GetHSCfgDesc  usbd_customhid.o
    0x08002640   0x08002640   0x0000000c   Code   RO         2818    i.USBD_CUSTOM_HID_GetOtherSpeedCfgDesc  usbd_customhid.o
    0x0800264c   0x0800264c   0x00000054   Code   RO         2819    i.USBD_CUSTOM_HID_Init  usbd_customhid.o
    0x080026a0   0x080026a0   0x00000010   Code   RO         2820    i.USBD_CUSTOM_HID_RegisterInterface  usbd_customhid.o
    0x080026b0   0x080026b0   0x0000002c   Code   RO         2821    i.USBD_CUSTOM_HID_SendReport  usbd_customhid.o
    0x080026dc   0x080026dc   0x000000e0   Code   RO         2822    i.USBD_CUSTOM_HID_Setup  usbd_customhid.o
    0x080027bc   0x080027bc   0x0000000e   Code   RO         2548    i.USBD_ClrClassConfig  usbd_core.o
    0x080027ca   0x080027ca   0x00000010   Code   RO         2751    i.USBD_CtlContinueRx  usbd_ioreq.o
    0x080027da   0x080027da   0x00000010   Code   RO         2752    i.USBD_CtlContinueSendData  usbd_ioreq.o
    0x080027ea   0x080027ea   0x00000016   Code   RO         2686    i.USBD_CtlError     usbd_ctlreq.o
    0x08002800   0x08002800   0x0000001e   Code   RO         2753    i.USBD_CtlPrepareRx  usbd_ioreq.o
    0x0800281e   0x0800281e   0x00000016   Code   RO         2754    i.USBD_CtlReceiveStatus  usbd_ioreq.o
    0x08002834   0x08002834   0x0000001a   Code   RO         2755    i.USBD_CtlSendData  usbd_ioreq.o
    0x0800284e   0x0800284e   0x00000016   Code   RO         2756    i.USBD_CtlSendStatus  usbd_ioreq.o
    0x08002864   0x08002864   0x00000028   Code   RO          382    i.USBD_FS_ConfigStrDescriptor  usbd_desc.o
    0x0800288c   0x0800288c   0x0000000c   Code   RO          383    i.USBD_FS_DeviceDescriptor  usbd_desc.o
    0x08002898   0x08002898   0x0000002c   Code   RO          384    i.USBD_FS_InterfaceStrDescriptor  usbd_desc.o
    0x080028c4   0x080028c4   0x0000000c   Code   RO          385    i.USBD_FS_LangIDStrDescriptor  usbd_desc.o
    0x080028d0   0x080028d0   0x00000028   Code   RO          386    i.USBD_FS_ManufacturerStrDescriptor  usbd_desc.o
    0x080028f8   0x080028f8   0x00000034   Code   RO          387    i.USBD_FS_ProductStrDescriptor  usbd_desc.o
    0x0800292c   0x0800292c   0x00000028   Code   RO          388    i.USBD_FS_SerialStrDescriptor  usbd_desc.o
    0x08002954   0x08002954   0x000000e8   Code   RO         2687    i.USBD_GetDescriptor  usbd_ctlreq.o
    0x08002a3c   0x08002a3c   0x00000048   Code   RO         2688    i.USBD_GetString    usbd_ctlreq.o
    0x08002a84   0x08002a84   0x00000018   Code   RO          522    i.USBD_Get_USB_Status  usbd_conf.o
    0x08002a9c   0x08002a9c   0x0000002a   Code   RO         2550    i.USBD_Init         usbd_core.o
    0x08002ac6   0x08002ac6   0x00000012   Code   RO          523    i.USBD_LL_ClearStallEP  usbd_conf.o
    0x08002ad8   0x08002ad8   0x00000012   Code   RO          524    i.USBD_LL_CloseEP   usbd_conf.o
    0x08002aea   0x08002aea   0x000000c6   Code   RO         2551    i.USBD_LL_DataInStage  usbd_core.o
    0x08002bb0   0x08002bb0   0x00000082   Code   RO         2552    i.USBD_LL_DataOutStage  usbd_core.o
    0x08002c32   0x08002c32   0x00000002   PAD
    0x08002c34   0x08002c34   0x00000070   Code   RO          529    i.USBD_LL_Init      usbd_conf.o
    0x08002ca4   0x08002ca4   0x00000020   Code   RO          530    i.USBD_LL_IsStallEP  usbd_conf.o
    0x08002cc4   0x08002cc4   0x00000018   Code   RO          531    i.USBD_LL_OpenEP    usbd_conf.o
    0x08002cdc   0x08002cdc   0x00000012   Code   RO          532    i.USBD_LL_PrepareReceive  usbd_conf.o
    0x08002cee   0x08002cee   0x00000050   Code   RO         2557    i.USBD_LL_Reset     usbd_core.o
    0x08002d3e   0x08002d3e   0x00000014   Code   RO         2558    i.USBD_LL_Resume    usbd_core.o
    0x08002d52   0x08002d52   0x00000018   Code   RO         2559    i.USBD_LL_SOF       usbd_core.o
    0x08002d6a   0x08002d6a   0x00000006   Code   RO         2560    i.USBD_LL_SetSpeed  usbd_core.o
    0x08002d70   0x08002d70   0x00000012   Code   RO          533    i.USBD_LL_SetUSBAddress  usbd_conf.o
    0x08002d82   0x08002d82   0x0000005a   Code   RO         2561    i.USBD_LL_SetupStage  usbd_core.o
    0x08002ddc   0x08002ddc   0x00000012   Code   RO          534    i.USBD_LL_StallEP   usbd_conf.o
    0x08002dee   0x08002dee   0x00000012   Code   RO          535    i.USBD_LL_Start     usbd_conf.o
    0x08002e00   0x08002e00   0x00000012   Code   RO         2562    i.USBD_LL_Suspend   usbd_core.o
    0x08002e12   0x08002e12   0x00000012   Code   RO          537    i.USBD_LL_Transmit  usbd_conf.o
    0x08002e24   0x08002e24   0x00000028   Code   RO         2689    i.USBD_ParseSetupRequest  usbd_ctlreq.o
    0x08002e4c   0x08002e4c   0x00000010   Code   RO         2563    i.USBD_RegisterClass  usbd_core.o
    0x08002e5c   0x08002e5c   0x00000016   Code   RO         2565    i.USBD_SetClassConfig  usbd_core.o
    0x08002e72   0x08002e72   0x00000002   PAD
    0x08002e74   0x08002e74   0x00000084   Code   RO         2690    i.USBD_SetConfig    usbd_ctlreq.o
    0x08002ef8   0x08002ef8   0x0000000a   Code   RO         2566    i.USBD_Start        usbd_core.o
    0x08002f02   0x08002f02   0x00000112   Code   RO         2691    i.USBD_StdDevReq    usbd_ctlreq.o
    0x08003014   0x08003014   0x00000150   Code   RO         2692    i.USBD_StdEPReq     usbd_ctlreq.o
    0x08003164   0x08003164   0x0000004e   Code   RO         2693    i.USBD_StdItfReq    usbd_ctlreq.o
    0x080031b2   0x080031b2   0x00000002   Code   RO          538    i.USBD_static_free  usbd_conf.o
    0x080031b4   0x080031b4   0x00000008   Code   RO          539    i.USBD_static_malloc  usbd_conf.o
    0x080031bc   0x080031bc   0x0000029c   Code   RO         1035    i.USB_ActivateEndpoint  stm32f1xx_ll_usb.o
    0x08003458   0x08003458   0x00000004   Code   RO         1038    i.USB_CoreInit      stm32f1xx_ll_usb.o
    0x0800345c   0x0800345c   0x0000010e   Code   RO         1040    i.USB_DeactivateEndpoint  stm32f1xx_ll_usb.o
    0x0800356a   0x0800356a   0x00000004   Code   RO         1041    i.USB_DevConnect    stm32f1xx_ll_usb.o
    0x0800356e   0x0800356e   0x00000004   Code   RO         1042    i.USB_DevDisconnect  stm32f1xx_ll_usb.o
    0x08003572   0x08003572   0x00000012   Code   RO         1043    i.USB_DevInit       stm32f1xx_ll_usb.o
    0x08003584   0x08003584   0x0000000e   Code   RO         1044    i.USB_DisableGlobalInt  stm32f1xx_ll_usb.o
    0x08003592   0x08003592   0x00000004   Code   RO         1045    i.USB_EP0_OutStart  stm32f1xx_ll_usb.o
    0x08003596   0x08003596   0x00000078   Code   RO         1046    i.USB_EPClearStall  stm32f1xx_ll_usb.o
    0x0800360e   0x0800360e   0x00000032   Code   RO         1047    i.USB_EPSetStall    stm32f1xx_ll_usb.o
    0x08003640   0x08003640   0x000004e2   Code   RO         1048    i.USB_EPStartXfer   stm32f1xx_ll_usb.o
    0x08003b22   0x08003b22   0x00000012   Code   RO         1050    i.USB_EnableGlobalInt  stm32f1xx_ll_usb.o
    0x08003b34   0x08003b34   0x0000000c   Code   RO          230    i.USB_LP_CAN1_RX0_IRQHandler  stm32f1xx_it.o
    0x08003b40   0x08003b40   0x00000006   Code   RO         1057    i.USB_ReadInterrupts  stm32f1xx_ll_usb.o
    0x08003b46   0x08003b46   0x00000002   PAD
    0x08003b48   0x08003b48   0x0000002c   Code   RO         1058    i.USB_ReadPMA       stm32f1xx_ll_usb.o
    0x08003b74   0x08003b74   0x00000004   Code   RO         1059    i.USB_SetCurrentMode  stm32f1xx_ll_usb.o
    0x08003b78   0x08003b78   0x0000000c   Code   RO         1060    i.USB_SetDevAddress  stm32f1xx_ll_usb.o
    0x08003b84   0x08003b84   0x00000026   Code   RO         1062    i.USB_WritePMA      stm32f1xx_ll_usb.o
    0x08003baa   0x08003baa   0x00000002   Code   RO          231    i.UsageFault_Handler  stm32f1xx_it.o
    0x08003bac   0x08003bac   0x00000020   Code   RO         1711    i.__NVIC_SetPriority  stm32f1xx_hal_cortex.o
    0x08003bcc   0x08003bcc   0x00000080   Code   RO           19    i.func2             main.o
    0x08003c4c   0x08003c4c   0x000000fc   Code   RO           20    i.main              main.o
    0x08003d48   0x08003d48   0x000002bc   Code   RO           22    i.show4             main.o
    0x08004004   0x08004004   0x00000062   Code   RO         2907    x$fpl$d2f           fz_ws.l(d2f.o)
    0x08004066   0x08004066   0x00000018   Code   RO         2940    x$fpl$dcmpinf       fz_ws.l(dcmpi.o)
    0x0800407e   0x0800407e   0x00000002   PAD
    0x08004080   0x08004080   0x000002b0   Code   RO         2910    x$fpl$ddiv          fz_ws.l(ddiv.o)
    0x08004330   0x08004330   0x0000005e   Code   RO         2913    x$fpl$dfix          fz_ws.l(dfix.o)
    0x0800438e   0x0800438e   0x00000026   Code   RO         2917    x$fpl$dfltu         fz_ws.l(dflt_clz.o)
    0x080043b4   0x080043b4   0x00000078   Code   RO         2923    x$fpl$dleqf         fz_ws.l(dleqf.o)
    0x0800442c   0x0800442c   0x00000154   Code   RO         2925    x$fpl$dmul          fz_ws.l(dmul.o)
    0x08004580   0x08004580   0x0000009c   Code   RO         2942    x$fpl$dnaninf       fz_ws.l(dnaninf.o)
    0x0800461c   0x0800461c   0x0000000c   Code   RO         2944    x$fpl$dretinf       fz_ws.l(dretinf.o)
    0x08004628   0x08004628   0x0000006c   Code   RO         2927    x$fpl$drleqf        fz_ws.l(drleqf.o)
    0x08004694   0x08004694   0x00000056   Code   RO         2929    x$fpl$f2d           fz_ws.l(f2d.o)
    0x080046ea   0x080046ea   0x00000002   PAD
    0x080046ec   0x080046ec   0x0000000c   Code   RO         2946    x$fpl$fcheck1       fz_ws.l(fcheck1.o)
    0x080046f8   0x080046f8   0x00000026   Code   RO         2931    x$fpl$ffltu         fz_ws.l(fflt_clz.o)
    0x0800471e   0x0800471e   0x0000008c   Code   RO         2948    x$fpl$fnaninf       fz_ws.l(fnaninf.o)
    0x080047aa   0x080047aa   0x0000000a   Code   RO         2950    x$fpl$fretinf       fz_ws.l(fretinf.o)
    0x080047b4   0x080047b4   0x00000064   Code   RO         2968    x$fpl$retnan        fz_ws.l(retnan.o)
    0x08004818   0x08004818   0x0000004c   Code   RO         2937    x$fpl$scalbnf       fz_ws.l(scalbnf.o)
    0x08004864   0x08004864   0x00000030   Code   RO         2980    x$fpl$trapveneer    fz_ws.l(trapv.o)
    0x08004894   0x08004894   0x00000000   Code   RO         2952    x$fpl$usenofp       fz_ws.l(usenofp.o)
    0x08004894   0x08004894   0x00000012   Data   RO         1409    .constdata          stm32f1xx_hal_rcc.o
    0x080048a6   0x080048a6   0x00000012   Data   RO         1501    .constdata          stm32f1xx_hal_rcc_ex.o
    0x080048b8   0x080048b8   0x00000010   Data   RO         2512    .constdata          system_stm32f1xx.o
    0x080048c8   0x080048c8   0x00000008   Data   RO         2513    .constdata          system_stm32f1xx.o
    0x080048d0   0x080048d0   0x00000020   Data   RO         3109    Region$$Table       anon$$obj.o


    Execution Region RW_IRAM1 (Exec base: 0x20000000, Load base: 0x080048f0, Size: 0x000010f8, Max: 0x00005000, ABSOLUTE, COMPRESSED[0x000000e4])

    Exec Addr    Load Addr    Size         Type   Attr      Idx    E Section Name        Object

    0x20000000   COMPRESSED   0x00000034   Data   RW           25    .data               main.o
    0x20000034   COMPRESSED   0x00000001   Data   RW           26    .data               main.o
    0x20000035   COMPRESSED   0x00000003   PAD
    0x20000038   COMPRESSED   0x0000001c   Data   RW          390    .data               usbd_desc.o
    0x20000054   COMPRESSED   0x00000032   Data   RW          391    .data               usbd_desc.o
    0x20000086   COMPRESSED   0x00000002   PAD
    0x20000088   COMPRESSED   0x0000001e   Data   RW          470    .data               usbd_custom_hid_if.o
    0x200000a6   COMPRESSED   0x00000002   PAD
    0x200000a8   COMPRESSED   0x00000010   Data   RW          471    .data               usbd_custom_hid_if.o
    0x200000b8   COMPRESSED   0x0000000c   Data   RW         1246    .data               stm32f1xx_hal.o
    0x200000c4   COMPRESSED   0x00000004   Data   RW         2514    .data               system_stm32f1xx.o
    0x200000c8   COMPRESSED   0x00000001   Data   RW         2694    .data               usbd_ctlreq.o
    0x200000c9   COMPRESSED   0x00000003   PAD
    0x200000cc   COMPRESSED   0x00000038   Data   RW         2823    .data               usbd_customhid.o
    0x20000104   COMPRESSED   0x0000009a   Data   RW         2824    .data               usbd_customhid.o
    0x2000019e   COMPRESSED   0x00000002   PAD
    0x200001a0        -       0x000000a4   Zero   RW           23    .bss                main.o
    0x20000244        -       0x00000044   Zero   RW           24    .bss                main.o
    0x20000288        -       0x000002c4   Zero   RW          347    .bss                usb_device.o
    0x2000054c        -       0x00000200   Zero   RW          389    .bss                usbd_desc.o
    0x2000074c        -       0x00000348   Zero   RW          540    .bss                usbd_conf.o
    0x20000a94        -       0x00000060   Zero   RW         2983    .bss                c_w.l(libspace.o)
    0x20000af4   COMPRESSED   0x00000004   PAD
    0x20000af8        -       0x00000200   Zero   RW            2    HEAP                startup_stm32f103xb.o
    0x20000cf8        -       0x00000400   Zero   RW            1    STACK               startup_stm32f103xb.o


==============================================================================

Image component sizes


      Code (inc. data)   RO Data    RW Data    ZI Data      Debug   Object Name

      1700        102          0         53        232     431634   main.o
        64         26        236          0       1536        780   startup_stm32f103xb.o
       164         28          0         12          0       5653   stm32f1xx_hal.o
      1132         56          0          0          0       7667   stm32f1xx_hal_adc.o
       216          6          0          0          0       1374   stm32f1xx_hal_adc_ex.o
       198         14          0          0          0      28755   stm32f1xx_hal_cortex.o
       586         32          0          0          0       3443   stm32f1xx_hal_dma.o
       490         34          0          0          0       2796   stm32f1xx_hal_gpio.o
       236         34          0          0          0       1608   stm32f1xx_hal_msp.o
      3076          0          0          0          0      13265   stm32f1xx_hal_pcd.o
        60          0          0          0          0       1110   stm32f1xx_hal_pcd_ex.o
      1208         72         18          0          0       4393   stm32f1xx_hal_rcc.o
       400         28         18          0          0       2377   stm32f1xx_hal_rcc_ex.o
        44         12          0          0          0       4430   stm32f1xx_it.o
      2528          0          0          0          0      15563   stm32f1xx_ll_usb.o
         2          0         24          4          0       1023   system_stm32f1xx.o
        84         18          0          0        708        732   usb_device.o
       532         28          0          0        840      12921   usbd_conf.o
       670          0          0          0          0       9027   usbd_core.o
      1186         28          0          1          0       7636   usbd_ctlreq.o
        52         12          0         46          0       2082   usbd_custom_hid_if.o
       556         32          0        210          0      10315   usbd_customhid.o
       296        124          0         78        512       5645   usbd_desc.o
       132          0          0          0          0       4108   usbd_ioreq.o

    ----------------------------------------------------------------------
     15632        686        328        416       3828     578337   Object Totals
         0          0         32          0          0          0   (incl. Generated)
        20          0          0         12          0          0   (incl. Padding)

    ----------------------------------------------------------------------

      Code (inc. data)   RO Data    RW Data    ZI Data      Debug   Library Member Name

        90          0          0          0          0          0   __dczerorl2.o
         8          0          0          0          0         68   __main.o
         0          0          0          0          0          0   __rtentry.o
        12          0          0          0          0          0   __rtentry2.o
         6          0          0          0          0          0   __rtentry4.o
        52          8          0          0          0          0   __scatter.o
        28          0          0          0          0          0   __scatter_zi.o
        18          0          0          0          0         80   exit.o
         6          0          0          0          0        152   heapauxi.o
         0          0          0          0          0          0   indicate_semi.o
         2          0          0          0          0          0   libinit.o
         2          0          0          0          0          0   libinit2.o
         2          0          0          0          0          0   libshutdown.o
         2          0          0          0          0          0   libshutdown2.o
         8          4          0          0         96         68   libspace.o
        78          0          0          0          0         80   rt_memclr_w.o
       100          0          0          0          0         80   rt_memcpy_w.o
         2          0          0          0          0          0   rtexit.o
        10          0          0          0          0          0   rtexit2.o
        12          4          0          0          0         68   sys_exit.o
        74          0          0          0          0         80   sys_stackheap_outer.o
         2          0          0          0          0         68   use_no_semi.o
        98          4          0          0          0         92   d2f.o
        24          0          0          0          0         68   dcmpi.o
       688        140          0          0          0        208   ddiv.o
        94          4          0          0          0         92   dfix.o
        38          0          0          0          0         68   dflt_clz.o
       120          4          0          0          0         92   dleqf.o
       340         12          0          0          0        104   dmul.o
       156          4          0          0          0         92   dnaninf.o
        12          0          0          0          0         68   dretinf.o
       108          0          0          0          0         80   drleqf.o
        86          4          0          0          0         84   f2d.o
        12          4          0          0          0         68   fcheck1.o
        38          0          0          0          0         68   fflt_clz.o
       140          4          0          0          0         84   fnaninf.o
        10          0          0          0          0         68   fretinf.o
       100          0          0          0          0         68   retnan.o
        76          0          0          0          0         68   scalbnf.o
        48          0          0          0          0         68   trapv.o
         0          0          0          0          0          0   usenofp.o

    ----------------------------------------------------------------------
      2712        196          0          0        100       2284   Library Totals
        10          0          0          0          4          0   (incl. Padding)

    ----------------------------------------------------------------------

      Code (inc. data)   RO Data    RW Data    ZI Data      Debug   Library Name

       514         16          0          0         96        744   c_w.l
      2188        180          0          0          0       1540   fz_ws.l

    ----------------------------------------------------------------------
      2712        196          0          0        100       2284   Library Totals

    ----------------------------------------------------------------------

==============================================================================


      Code (inc. data)   RO Data    RW Data    ZI Data      Debug   

     18344        882        328        416       3928     571465   Grand Totals
     18344        882        328        228       3928     571465   ELF Image Totals (compressed)
     18344        882        328        228          0          0   ROM Totals

==============================================================================

    Total RO  Size (Code + RO Data)                18672 (  18.23kB)
    Total RW  Size (RW Data + ZI Data)              4344 (   4.24kB)
    Total ROM Size (Code + RO Data + RW Data)      18900 (  18.46kB)

==============================================================================

